Archive member included to satisfy reference by file (symbol)

c:/program files/microchip/xc32/v4.40/bin/bin/../../lib/gcc/pic32mx/8.3.1/../../../../pic32mx/lib/micromips\libpic32.a(memset.o)
                              build/default/debug/mcc_generated_files/usb/usb_device.o (memset)
c:/program files/microchip/xc32/v4.40/bin/bin/../../lib/gcc/pic32mx/8.3.1/../../../../pic32mx/lib/micromips\libpic32.a(default-bootstrap-exception-handler.o)
                              C:\Users\ADMIN\AppData\Local\Temp\ccKAvHHJ.o (_bootstrap_exception_handler)
c:/program files/microchip/xc32/v4.40/bin/bin/../../lib/gcc/pic32mx/8.3.1/../../../../pic32mx/lib/micromips\libpic32.a(default-on-reset.o)
                              C:\Users\ADMIN\AppData\Local\Temp\ccKAvHHJ.o (_on_reset)
c:/program files/microchip/xc32/v4.40/bin/bin/../../lib/gcc/pic32mx/8.3.1/../../../../pic32mx/lib/micromips\libpic32.a(default-on-bootstrap.o)
                              C:\Users\ADMIN\AppData\Local\Temp\ccKAvHHJ.o (_on_bootstrap)
c:/program files/microchip/xc32/v4.40/bin/bin/../../lib/gcc/pic32mx/8.3.1/../../../../pic32mx/lib/micromips\libpic32.a(default-nmi-handler.o)
                              C:\Users\ADMIN\AppData\Local\Temp\ccKAvHHJ.o (_nmi_handler)
c:/program files/microchip/xc32/v4.40/bin/bin/../../lib/gcc/pic32mx/8.3.1/../../../../pic32mx/lib/micromips\libpic32.a(pic32_data_init_core.o)
                              C:\Users\ADMIN\AppData\Local\Temp\ccKAvHHJ.o (__pic32_data_init)
c:/program files/microchip/xc32/v4.40/bin/bin/../../lib/gcc/pic32mx/8.3.1/../../../../pic32mx/lib/micromips\libpic32.a(general-exception.o)
                              C:\Users\ADMIN\AppData\Local\Temp\ccKAvHHJ.o (_general_exception_context)
c:/program files/microchip/xc32/v4.40/bin/bin/../../lib/gcc/pic32mx/8.3.1/../../../../pic32mx/lib/micromips\libpic32.a(vector1.o)
                              C:\Users\ADMIN\AppData\Local\Temp\cccLMFaO.o (__vector_dispatch_1)
c:/program files/microchip/xc32/v4.40/bin/bin/../../lib/gcc/pic32mx/8.3.1/../../../../pic32mx/lib/micromips\libpic32.a(vector2.o)
                              C:\Users\ADMIN\AppData\Local\Temp\cccLMFaO.o (__vector_dispatch_2)
c:/program files/microchip/xc32/v4.40/bin/bin/../../lib/gcc/pic32mx/8.3.1/../../../../pic32mx/lib/micromips\libpic32.a(vector3.o)
                              C:\Users\ADMIN\AppData\Local\Temp\cccLMFaO.o (__vector_dispatch_3)
c:/program files/microchip/xc32/v4.40/bin/bin/../../lib/gcc/pic32mx/8.3.1/../../../../pic32mx/lib/micromips\libpic32.a(vector4.o)
                              C:\Users\ADMIN\AppData\Local\Temp\cccLMFaO.o (__vector_dispatch_4)
c:/program files/microchip/xc32/v4.40/bin/bin/../../lib/gcc/pic32mx/8.3.1/../../../../pic32mx/lib/micromips\libpic32.a(vector5.o)
                              C:\Users\ADMIN\AppData\Local\Temp\cccLMFaO.o (__vector_dispatch_5)
c:/program files/microchip/xc32/v4.40/bin/bin/../../lib/gcc/pic32mx/8.3.1/../../../../pic32mx/lib/micromips\libpic32.a(vector6.o)
                              C:\Users\ADMIN\AppData\Local\Temp\cccLMFaO.o (__vector_dispatch_6)
c:/program files/microchip/xc32/v4.40/bin/bin/../../lib/gcc/pic32mx/8.3.1/../../../../pic32mx/lib/micromips\libpic32.a(vector7.o)
                              C:\Users\ADMIN\AppData\Local\Temp\cccLMFaO.o (__vector_dispatch_7)
c:/program files/microchip/xc32/v4.40/bin/bin/../../lib/gcc/pic32mx/8.3.1/../../../../pic32mx/lib/micromips\libpic32.a(vector11.o)
                              C:\Users\ADMIN\AppData\Local\Temp\cccLMFaO.o (__vector_dispatch_11)
c:/program files/microchip/xc32/v4.40/bin/bin/../../lib/gcc/pic32mx/8.3.1/../../../../pic32mx/lib/micromips\libpic32.a(vector12.o)
                              C:\Users\ADMIN\AppData\Local\Temp\cccLMFaO.o (__vector_dispatch_12)
c:/program files/microchip/xc32/v4.40/bin/bin/../../lib/gcc/pic32mx/8.3.1/../../../../pic32mx/lib/micromips\libpic32.a(vector13.o)
                              C:\Users\ADMIN\AppData\Local\Temp\cccLMFaO.o (__vector_dispatch_13)
c:/program files/microchip/xc32/v4.40/bin/bin/../../lib/gcc/pic32mx/8.3.1/../../../../pic32mx/lib/micromips\libpic32.a(vector14.o)
                              C:\Users\ADMIN\AppData\Local\Temp\cccLMFaO.o (__vector_dispatch_14)
c:/program files/microchip/xc32/v4.40/bin/bin/../../lib/gcc/pic32mx/8.3.1/../../../../pic32mx/lib/micromips\libpic32.a(vector15.o)
                              C:\Users\ADMIN\AppData\Local\Temp\cccLMFaO.o (__vector_dispatch_15)
c:/program files/microchip/xc32/v4.40/bin/bin/../../lib/gcc/pic32mx/8.3.1/../../../../pic32mx/lib/micromips\libpic32.a(vector16.o)
                              C:\Users\ADMIN\AppData\Local\Temp\cccLMFaO.o (__vector_dispatch_16)
c:/program files/microchip/xc32/v4.40/bin/bin/../../lib/gcc/pic32mx/8.3.1/../../../../pic32mx/lib/micromips\libpic32.a(vector17.o)
                              C:\Users\ADMIN\AppData\Local\Temp\cccLMFaO.o (__vector_dispatch_17)
[...]
Memory Configuration

Name             Origin             Length             Attributes
kseg0_program_mem 0x000000009d001000 0x000000000003a000 xr
debug_exec_mem   0x000000009d003000 0x0000000000000760
kseg0_boot_mem   0x000000009d003760 0x0000000000000000
kseg1_boot_mem   0x000000009d003760 0x0000000000000490
kseg0_data_mem   0x0000000080000000 0x0000000000008000 w !x
sfrs             0x00000000bf800000 0x0000000000100000
*default*        0x0000000000000000 0xffffffffffffffff

Linker script and memory map

LOAD c:/program files/microchip/xc32/v4.40/bin/bin/../../lib/gcc/pic32mx/8.3.1/../../../../pic32mx/lib/micromips\debug-exception-return.o
LOAD build/default/debug/Cfg/Debug_Cfg.o
LOAD build/default/debug/mcc_generated_files/drivers/i2c_types.o
LOAD build/default/debug/mcc_generated_files/drivers/i2c_master.o
LOAD build/default/debug/mcc_generated_files/drivers/i2c_simple_master.o
LOAD build/default/debug/mcc_generated_files/usb/usb_device_generic.o
LOAD build/default/debug/mcc_generated_files/usb/usb_device_events.o
LOAD build/default/debug/mcc_generated_files/usb/usb_device.o
LOAD build/default/debug/mcc_generated_files/usb/usb_descriptors.o
LOAD build/default/debug/mcc_generated_files/usb/usb_device_cdc.o
LOAD build/default/debug/mcc_generated_files/uart3.o
LOAD build/default/debug/mcc_generated_files/system.o
LOAD build/default/debug/mcc_generated_files/coretimer.o
LOAD build/default/debug/mcc_generated_files/clock.o
LOAD build/default/debug/mcc_generated_files/exceptions.o
LOAD build/default/debug/mcc_generated_files/interrupt_manager.o
LOAD build/default/debug/mcc_generated_files/mcc.o
LOAD build/default/debug/mcc_generated_files/pin_manager.o
LOAD build/default/debug/mcc_generated_files/i2c1_driver.o
LOAD build/default/debug/_ext/1209153551/Buttons.o
LOAD build/default/debug/_ext/1362353914/TelitAtCmd.o
LOAD build/default/debug/_ext/1362353914/TelitPwrCtrl.o
LOAD build/default/debug/_ext/1124510853/Debug.o
LOAD build/default/debug/_ext/1124510853/Utils.o
LOAD build/default/debug/_ext/657024065/PIC32MM_Gpio.o
LOAD build/default/debug/_ext/657024065/softWdt.o
LOAD build/default/debug/_ext/657024065/TaskManager.o
LOAD build/default/debug/_ext/657024065/TickTimer.o
LOAD build/default/debug/User/AppMain.o
LOAD build/default/debug/User/VCP.o
LOAD build/default/debug/User/VCP_Debug.o
LOAD build/default/debug/main.o
                0x0000000000000001                __MPLAB_BUILD = 0x1
                0x0000000000000400                PROVIDE (_min_stack_size = 0x400)
                0x0000000000000001                PROVIDE (_vector_spacing = 0x1)
                0x000000009d001000                PROVIDE (_ebase_address = 0x9d001000)
                0x000000009d000000                _RESET_ADDR = 0x9d000000
                0x000000009d000380                _BEV_EXCPT_ADDR = 0x9d000380
                0x000000009d000480                _DBG_EXCPT_ADDR = 0x9d000480
                0x000000009d000490                _DBG_CODE_ADDR = 0x9d000490
                0x0000000000000760                _DBG_CODE_SIZE = 0x760
                0x000000009d001000                _SIMPLE_TLB_REFILL_EXCPT_ADDR = (_ebase_address + 0x0)
                0x000000009d001180                _GEN_EXCPT_ADDR = (_ebase_address + 0x180)

.reset          0x000000009d000000      0x140
 *(.reset)
 .reset         0x000000009d000000        0x8 C:\Users\ADMIN\AppData\Local\Temp\ccKAvHHJ.o
                0x000000009d000001                _reset
 *(.reset.startup)
 .reset.startup
                0x000000009d000008      0x138 C:\Users\ADMIN\AppData\Local\Temp\ccKAvHHJ.o
                0x000000009d000009                _startup

.bev_excpt      0x000000009d000380        0xc
 *(.bev_handler)
 .bev_handler   0x000000009d000380        0xc C:\Users\ADMIN\AppData\Local\Temp\ccKAvHHJ.o

.dbg_excpt      0x000000009d000480        0x0
                0x000000009d000480                . = (. + DEFINED (_DEBUGGER)?0x8:0x0)

.dbg_code       0x000000009d000490        0x0
                0x000000009d000490                . = (. + DEFINED (_DEBUGGER)?_DBG_CODE_SIZE:0x0)

.app_excpt      0x000000009d001180        0xc
 *(.gen_handler)
 .gen_handler   0x000000009d001180        0xc C:\Users\ADMIN\AppData\Local\Temp\ccKAvHHJ.o

.vector_0       0x000000009d001200        0x8
 *(.vector_0)
 .vector_0      0x000000009d001200        0x8 build/default/debug/mcc_generated_files/coretimer.o
                0x000000009d001201                __vector_dispatch_0
                0x0000000000000001                ASSERT (((_vector_spacing == 0x0) || (SIZEOF (.vector_0) <= (_vector_spacing << 0x3))), function at exception vector 0 too large)

.vector_1       0x000000009d001208        0x8
 *(.vector_1)
 .vector_1      0x000000009d001208        0x8 c:/program files/microchip/xc32/v4.40/bin/bin/../../lib/gcc/pic32mx/8.3.1/../../../../pic32mx/lib/micromips\libpic32.a(vector1.o)
                0x000000009d001209                __vector_dispatch_1
                0x0000000000000001                ASSERT (((_vector_spacing == 0x0) || (SIZEOF (.vector_1) <= (_vector_spacing << 0x3))), function at exception vector 1 too large)

.vector_2       0x000000009d001210        0x8
 *(.vector_2)
 .vector_2      0x000000009d001210        0x8 c:/program files/microchip/xc32/v4.40/bin/bin/../../lib/gcc/pic32mx/8.3.1/../../../../pic32mx/lib/micromips\libpic32.a(vector2.o)
                0x000000009d001211                __vector_dispatch_2
                0x0000000000000001                ASSERT (((_vector_spacing == 0x0) || (SIZEOF (.vector_2) <= (_vector_spacing << 0x3))), function at exception vector 2 too large)

.vector_3       0x000000009d001218        0x8
 *(.vector_3)
 .vector_3      0x000000009d001218        0x8 c:/program files/microchip/xc32/v4.40/bin/bin/../../lib/gcc/pic32mx/8.3.1/../../../../pic32mx/lib/micromips\libpic32.a(vector3.o)
                0x000000009d001219                __vector_dispatch_3
                0x0000000000000001                ASSERT (((_vector_spacing == 0x0) || (SIZEOF (.vector_3) <= (_vector_spacing << 0x3))), function at exception vector 3 too large)

.vector_4       0x000000009d001220        0x8
 *(.vector_4)
 .vector_4      0x000000009d001220        0x8 c:/program files/microchip/xc32/v4.40/bin/bin/../../lib/gcc/pic32mx/8.3.1/../../../../pic32mx/lib/micromips\libpic32.a(vector4.o)
                0x000000009d001221                __vector_dispatch_4
                0x0000000000000001                ASSERT (((_vector_spacing == 0x0) || (SIZEOF (.vector_4) <= (_vector_spacing << 0x3))), function at exception vector 4 too large)

.vector_5       0x000000009d001228        0x8
 *(.vector_5)
 .vector_5      0x000000009d001228        0x8 c:/program files/microchip/xc32/v4.40/bin/bin/../../lib/gcc/pic32mx/8.3.1/../../../../pic32mx/lib/micromips\libpic32.a(vector5.o)
                0x000000009d001229                __vector_dispatch_5
                0x0000000000000001                ASSERT (((_vector_spacing == 0x0) || (SIZEOF (.vector_5) <= (_vector_spacing << 0x3))), function at exception vector 5 too large)

.vector_6       0x000000009d001230        0x8
 *(.vector_6)
 .vector_6      0x000000009d001230        0x8 c:/program files/microchip/xc32/v4.40/bin/bin/../../lib/gcc/pic32mx/8.3.1/../../../../pic32mx/lib/micromips\libpic32.a(vector6.o)
                0x000000009d001231                __vector_dispatch_6
                0x0000000000000001                ASSERT (((_vector_spacing == 0x0) || (SIZEOF (.vector_6) <= (_vector_spacing << 0x3))), function at exception vector 6 too large)

.vector_7       0x000000009d001238        0x8
 *(.vector_7)
 .vector_7      0x000000009d001238        0x8 c:/program files/microchip/xc32/v4.40/bin/bin/../../lib/gcc/pic32mx/8.3.1/../../../../pic32mx/lib/micromips\libpic32.a(vector7.o)
                0x000000009d001239                __vector_dispatch_7
                0x0000000000000001                ASSERT (((_vector_spacing == 0x0) || (SIZEOF (.vector_7) <= (_vector_spacing << 0x3))), function at exception vector 7 too large)

.vector_8       0x000000009d001240        0x8
 *(.vector_8)
 .vector_8      0x000000009d001240        0x8 build/default/debug/mcc_generated_files/pin_manager.o
                0x000000009d001241                __vector_dispatch_8
                0x0000000000000001                ASSERT (((_vector_spacing == 0x0) || (SIZEOF (.vector_8) <= (_vector_spacing << 0x3))), function at exception vector 8 too large)

.vector_9       0x000000009d001248        0x8
 *(.vector_9)
 .vector_9      0x000000009d001248        0x8 build/default/debug/mcc_generated_files/pin_manager.o
                0x000000009d001249                __vector_dispatch_9
                0x0000000000000001                ASSERT (((_vector_spacing == 0x0) || (SIZEOF (.vector_9) <= (_vector_spacing << 0x3))), function at exception vector 9 too large)

.vector_10      0x000000009d001250        0x8
 *(.vector_10)
 .vector_10     0x000000009d001250        0x8 build/default/debug/mcc_generated_files/pin_manager.o
                0x000000009d001251                __vector_dispatch_10
                0x0000000000000001                ASSERT (((_vector_spacing == 0x0) || (SIZEOF (.vector_10) <= (_vector_spacing << 0x3))), function at exception vector 10 too large)

.vector_11      0x000000009d001258        0x8
 *(.vector_11)
 .vector_11     0x000000009d001258        0x8 c:/program files/microchip/xc32/v4.40/bin/bin/../../lib/gcc/pic32mx/8.3.1/../../../../pic32mx/lib/micromips\libpic32.a(vector11.o)
                0x000000009d001259                __vector_dispatch_11
                0x0000000000000001                ASSERT (((_vector_spacing == 0x0) || (SIZEOF (.vector_11) <= (_vector_spacing << 0x3))), function at exception vector 11 too large)

.vector_12      0x000000009d001260        0x8
 *(.vector_12)
 .vector_12     0x000000009d001260        0x8 c:/program files/microchip/xc32/v4.40/bin/bin/../../lib/gcc/pic32mx/8.3.1/../../../../pic32mx/lib/micromips\libpic32.a(vector12.o)
                0x000000009d001261                __vector_dispatch_12
                0x0000000000000001                ASSERT (((_vector_spacing == 0x0) || (SIZEOF (.vector_12) <= (_vector_spacing << 0x3))), function at exception vector 12 too large)

.vector_13      0x000000009d001268        0x8
 *(.vector_13)
 .vector_13     0x000000009d001268        0x8 c:/program files/microchip/xc32/v4.40/bin/bin/../../lib/gcc/pic32mx/8.3.1/../../../../pic32mx/lib/micromips\libpic32.a(vector13.o)
                0x000000009d001269                __vector_dispatch_13
                0x0000000000000001                ASSERT (((_vector_spacing == 0x0) || (SIZEOF (.vector_13) <= (_vector_spacing << 0x3))), function at exception vector 13 too large)

.vector_14      0x000000009d001270        0x8
 *(.vector_14)
 .vector_14     0x000000009d001270        0x8 c:/program files/microchip/xc32/v4.40/bin/bin/../../lib/gcc/pic32mx/8.3.1/../../../../pic32mx/lib/micromips\libpic32.a(vector14.o)
                0x000000009d001271                __vector_dispatch_14
                0x0000000000000001                ASSERT (((_vector_spacing == 0x0) || (SIZEOF (.vector_14) <= (_vector_spacing << 0x3))), function at exception vector 14 too large)

.vector_15      0x000000009d001278        0x8
 *(.vector_15)
 .vector_15     0x000000009d001278        0x8 c:/program files/microchip/xc32/v4.40/bin/bin/../../lib/gcc/pic32mx/8.3.1/../../../../pic32mx/lib/micromips\libpic32.a(vector15.o)
                0x000000009d001279                __vector_dispatch_15
                0x0000000000000001                ASSERT (((_vector_spacing == 0x0) || (SIZEOF (.vector_15) <= (_vector_spacing << 0x3))), function at exception vector 15 too large)

.vector_16      0x000000009d001280        0x8
 *(.vector_16)
 .vector_16     0x000000009d001280        0x8 c:/program files/microchip/xc32/v4.40/bin/bin/../../lib/gcc/pic32mx/8.3.1/../../../../pic32mx/lib/micromips\libpic32.a(vector16.o)
                0x000000009d001281                __vector_dispatch_16
                0x0000000000000001                ASSERT (((_vector_spacing == 0x0) || (SIZEOF (.vector_16) <= (_vector_spacing << 0x3))), function at exception vector 16 too large)

.vector_17      0x000000009d001288        0x8
 *(.vector_17)
 .vector_17     0x000000009d001288        0x8 c:/program files/microchip/xc32/v4.40/bin/bin/../../lib/gcc/pic32mx/8.3.1/../../../../pic32mx/lib/micromips\libpic32.a(vector17.o)
                0x000000009d001289                __vector_dispatch_17
                0x0000000000000001                ASSERT (((_vector_spacing == 0x0) || (SIZEOF (.vector_17) <= (_vector_spacing << 0x3))), function at exception vector 17 too large)

.vector_18      0x000000009d001290        0x8
 *(.vector_18)
 .vector_18     0x000000009d001290        0x8 c:/program files/microchip/xc32/v4.40/bin/bin/../../lib/gcc/pic32mx/8.3.1/../../../../pic32mx/lib/micromips\libpic32.a(vector18.o)
                0x000000009d001291                __vector_dispatch_18
                0x0000000000000001                ASSERT (((_vector_spacing == 0x0) || (SIZEOF (.vector_18) <= (_vector_spacing << 0x3))), function at exception vector 18 too large)

.vector_19      0x000000009d001298        0x8
 *(.vector_19)
 .vector_19     0x000000009d001298        0x8 c:/program files/microchip/xc32/v4.40/bin/bin/../../lib/gcc/pic32mx/8.3.1/../../../../pic32mx/lib/micromips\libpic32.a(vector19.o)
                0x000000009d001299                __vector_dispatch_19
                0x0000000000000001                ASSERT (((_vector_spacing == 0x0) || (SIZEOF (.vector_19) <= (_vector_spacing << 0x3))), function at exception vector 19 too large)

.vector_20      0x000000009d0012a0        0x8
 *(.vector_20)
 .vector_20     0x000000009d0012a0        0x8 c:/program files/microchip/xc32/v4.40/bin/bin/../../lib/gcc/pic32mx/8.3.1/../../../../pic32mx/lib/micromips\libpic32.a(vector20.o)
                0x000000009d0012a1                __vector_dispatch_20
                0x0000000000000001                ASSERT (((_vector_spacing == 0x0) || (SIZEOF (.vector_20) <= (_vector_spacing << 0x3))), function at exception vector 20 too large)

.vector_21      0x000000009d0012a8        0x8
 *(.vector_21)
 .vector_21     0x000000009d0012a8        0x8 c:/program files/microchip/xc32/v4.40/bin/bin/../../lib/gcc/pic32mx/8.3.1/../../../../pic32mx/lib/micromips\libpic32.a(vector21.o)
                0x000000009d0012a9                __vector_dispatch_21
                0x0000000000000001                ASSERT (((_vector_spacing == 0x0) || (SIZEOF (.vector_21) <= (_vector_spacing << 0x3))), function at exception vector 21 too large)

.vector_22      0x000000009d0012b0        0x8
 *(.vector_22)
 .vector_22     0x000000009d0012b0        0x8 c:/program files/microchip/xc32/v4.40/bin/bin/../../lib/gcc/pic32mx/8.3.1/../../../../pic32mx/lib/micromips\libpic32.a(vector22.o)
                0x000000009d0012b1                __vector_dispatch_22
                0x0000000000000001                ASSERT (((_vector_spacing == 0x0) || (SIZEOF (.vector_22) <= (_vector_spacing << 0x3))), function at exception vector 22 too large)

.vector_23      0x000000009d0012b8        0x8
 *(.vector_23)
 .vector_23     0x000000009d0012b8        0x8 c:/program files/microchip/xc32/v4.40/bin/bin/../../lib/gcc/pic32mx/8.3.1/../../../../pic32mx/lib/micromips\libpic32.a(vector23.o)
                0x000000009d0012b9                __vector_dispatch_23
                0x0000000000000001                ASSERT (((_vector_spacing == 0x0) || (SIZEOF (.vector_23) <= (_vector_spacing << 0x3))), function at exception vector 23 too large)

.vector_24      0x000000009d0012c0        0x8
 *(.vector_24)
 .vector_24     0x000000009d0012c0        0x8 c:/program files/microchip/xc32/v4.40/bin/bin/../../lib/gcc/pic32mx/8.3.1/../../../../pic32mx/lib/micromips\libpic32.a(vector24.o)
                0x000000009d0012c1                __vector_dispatch_24
                0x0000000000000001                ASSERT (((_vector_spacing == 0x0) || (SIZEOF (.vector_24) <= (_vector_spacing << 0x3))), function at exception vector 24 too large)

.vector_25      0x000000009d0012c8        0x8
 *(.vector_25)
 .vector_25     0x000000009d0012c8        0x8 c:/program files/microchip/xc32/v4.40/bin/bin/../../lib/gcc/pic32mx/8.3.1/../../../../pic32mx/lib/micromips\libpic32.a(vector25.o)
                0x000000009d0012c9                __vector_dispatch_25
                0x0000000000000001                ASSERT (((_vector_spacing == 0x0) || (SIZEOF (.vector_25) <= (_vector_spacing << 0x3))), function at exception vector 25 too large)

.vector_26      0x000000009d0012d0        0x8
 *(.vector_26)
 .vector_26     0x000000009d0012d0        0x8 c:/program files/microchip/xc32/v4.40/bin/bin/../../lib/gcc/pic32mx/8.3.1/../../../../pic32mx/lib/micromips\libpic32.a(vector26.o)
                0x000000009d0012d1                __vector_dispatch_26
                0x0000000000000001                ASSERT (((_vector_spacing == 0x0) || (SIZEOF (.vector_26) <= (_vector_spacing << 0x3))), function at exception vector 26 too large)

.vector_27      0x000000009d0012d8        0x8
 *(.vector_27)
 .vector_27     0x000000009d0012d8        0x8 c:/program files/microchip/xc32/v4.40/bin/bin/../../lib/gcc/pic32mx/8.3.1/../../../../pic32mx/lib/micromips\libpic32.a(vector27.o)
                0x000000009d0012d9                __vector_dispatch_27
                0x0000000000000001                ASSERT (((_vector_spacing == 0x0) || (SIZEOF (.vector_27) <= (_vector_spacing << 0x3))), function at exception vector 27 too large)

.vector_28      0x000000009d0012e0        0x8
 *(.vector_28)
 .vector_28     0x000000009d0012e0        0x8 c:/program files/microchip/xc32/v4.40/bin/bin/../../lib/gcc/pic32mx/8.3.1/../../../../pic32mx/lib/micromips\libpic32.a(vector28.o)
                0x000000009d0012e1                __vector_dispatch_28
                0x0000000000000001                ASSERT (((_vector_spacing == 0x0) || (SIZEOF (.vector_28) <= (_vector_spacing << 0x3))), function at exception vector 28 too large)

.vector_29      0x000000009d0012e8        0x8
 *(.vector_29)
 .vector_29     0x000000009d0012e8        0x8 build/default/debug/mcc_generated_files/usb/usb_device_events.o
                0x000000009d0012e9                __vector_dispatch_29
                0x0000000000000001                ASSERT (((_vector_spacing == 0x0) || (SIZEOF (.vector_29) <= (_vector_spacing << 0x3))), function at exception vector 29 too large)

.vector_30      0x000000009d0012f0        0x8
 *(.vector_30)
 .vector_30     0x000000009d0012f0        0x8 c:/program files/microchip/xc32/v4.40/bin/bin/../../lib/gcc/pic32mx/8.3.1/../../../../pic32mx/lib/micromips\libpic32.a(vector30.o)
                0x000000009d0012f1                __vector_dispatch_30
                0x0000000000000001                ASSERT (((_vector_spacing == 0x0) || (SIZEOF (.vector_30) <= (_vector_spacing << 0x3))), function at exception vector 30 too large)

.vector_31      0x000000009d0012f8        0x8
 *(.vector_31)
 .vector_31     0x000000009d0012f8        0x8 c:/program files/microchip/xc32/v4.40/bin/bin/../../lib/gcc/pic32mx/8.3.1/../../../../pic32mx/lib/micromips\libpic32.a(vector31.o)
                0x000000009d0012f9                __vector_dispatch_31
                0x0000000000000001                ASSERT (((_vector_spacing == 0x0) || (SIZEOF (.vector_31) <= (_vector_spacing << 0x3))), function at exception vector 31 too large)

.vector_32      0x000000009d001300        0x8
 *(.vector_32)
 .vector_32     0x000000009d001300        0x8 c:/program files/microchip/xc32/v4.40/bin/bin/../../lib/gcc/pic32mx/8.3.1/../../../../pic32mx/lib/micromips\libpic32.a(vector32.o)
                0x000000009d001301                __vector_dispatch_32
                0x0000000000000001                ASSERT (((_vector_spacing == 0x0) || (SIZEOF (.vector_32) <= (_vector_spacing << 0x3))), function at exception vector 32 too large)

.vector_33      0x000000009d001308        0x8
 *(.vector_33)
 .vector_33     0x000000009d001308        0x8 c:/program files/microchip/xc32/v4.40/bin/bin/../../lib/gcc/pic32mx/8.3.1/../../../../pic32mx/lib/micromips\libpic32.a(vector33.o)
                0x000000009d001309                __vector_dispatch_33
                0x0000000000000001                ASSERT (((_vector_spacing == 0x0) || (SIZEOF (.vector_33) <= (_vector_spacing << 0x3))), function at exception vector 33 too large)

.vector_34      0x000000009d001310        0x8
 *(.vector_34)
 .vector_34     0x000000009d001310        0x8 c:/program files/microchip/xc32/v4.40/bin/bin/../../lib/gcc/pic32mx/8.3.1/../../../../pic32mx/lib/micromips\libpic32.a(vector34.o)
                0x000000009d001311                __vector_dispatch_34
                0x0000000000000001                ASSERT (((_vector_spacing == 0x0) || (SIZEOF (.vector_34) <= (_vector_spacing << 0x3))), function at exception vector 34 too large)

.vector_35      0x000000009d001318        0x8
 *(.vector_35)
 .vector_35     0x000000009d001318        0x8 c:/program files/microchip/xc32/v4.40/bin/bin/../../lib/gcc/pic32mx/8.3.1/../../../../pic32mx/lib/micromips\libpic32.a(vector35.o)
                0x000000009d001319                __vector_dispatch_35
                0x0000000000000001                ASSERT (((_vector_spacing == 0x0) || (SIZEOF (.vector_35) <= (_vector_spacing << 0x3))), function at exception vector 35 too large)

.vector_36      0x000000009d001320        0x8
 *(.vector_36)
 .vector_36     0x000000009d001320        0x8 c:/program files/microchip/xc32/v4.40/bin/bin/../../lib/gcc/pic32mx/8.3.1/../../../../pic32mx/lib/micromips\libpic32.a(vector36.o)
                0x000000009d001321                __vector_dispatch_36
                0x0000000000000001                ASSERT (((_vector_spacing == 0x0) || (SIZEOF (.vector_36) <= (_vector_spacing << 0x3))), function at exception vector 36 too large)

.vector_37      0x000000009d001328        0x8
 *(.vector_37)
 .vector_37     0x000000009d001328        0x8 c:/program files/microchip/xc32/v4.40/bin/bin/../../lib/gcc/pic32mx/8.3.1/../../../../pic32mx/lib/micromips\libpic32.a(vector37.o)
                0x000000009d001329                __vector_dispatch_37
                0x0000000000000001                ASSERT (((_vector_spacing == 0x0) || (SIZEOF (.vector_37) <= (_vector_spacing << 0x3))), function at exception vector 37 too large)

.vector_38      0x000000009d001330        0x8
 *(.vector_38)
 .vector_38     0x000000009d001330        0x8 c:/program files/microchip/xc32/v4.40/bin/bin/../../lib/gcc/pic32mx/8.3.1/../../../../pic32mx/lib/micromips\libpic32.a(vector38.o)
                0x000000009d001331                __vector_dispatch_38
                0x0000000000000001                ASSERT (((_vector_spacing == 0x0) || (SIZEOF (.vector_38) <= (_vector_spacing << 0x3))), function at exception vector 38 too large)

.vector_39      0x000000009d001338        0x8
 *(.vector_39)
 .vector_39     0x000000009d001338        0x8 c:/program files/microchip/xc32/v4.40/bin/bin/../../lib/gcc/pic32mx/8.3.1/../../../../pic32mx/lib/micromips\libpic32.a(vector39.o)
                0x000000009d001339                __vector_dispatch_39
                0x0000000000000001                ASSERT (((_vector_spacing == 0x0) || (SIZEOF (.vector_39) <= (_vector_spacing << 0x3))), function at exception vector 39 too large)

.vector_40      0x000000009d001340        0x8
 *(.vector_40)
 .vector_40     0x000000009d001340        0x8 c:/program files/microchip/xc32/v4.40/bin/bin/../../lib/gcc/pic32mx/8.3.1/../../../../pic32mx/lib/micromips\libpic32.a(vector40.o)
                0x000000009d001341                __vector_dispatch_40
                0x0000000000000001                ASSERT (((_vector_spacing == 0x0) || (SIZEOF (.vector_40) <= (_vector_spacing << 0x3))), function at exception vector 40 too large)

.vector_41      0x000000009d001348        0x8
 *(.vector_41)
 .vector_41     0x000000009d001348        0x8 c:/program files/microchip/xc32/v4.40/bin/bin/../../lib/gcc/pic32mx/8.3.1/../../../../pic32mx/lib/micromips\libpic32.a(vector41.o)
                0x000000009d001349                __vector_dispatch_41
                0x0000000000000001                ASSERT (((_vector_spacing == 0x0) || (SIZEOF (.vector_41) <= (_vector_spacing << 0x3))), function at exception vector 41 too large)

.vector_42      0x000000009d001350        0x8
 *(.vector_42)
 .vector_42     0x000000009d001350        0x8 c:/program files/microchip/xc32/v4.40/bin/bin/../../lib/gcc/pic32mx/8.3.1/../../../../pic32mx/lib/micromips\libpic32.a(vector42.o)
                0x000000009d001351                __vector_dispatch_42
                0x0000000000000001                ASSERT (((_vector_spacing == 0x0) || (SIZEOF (.vector_42) <= (_vector_spacing << 0x3))), function at exception vector 42 too large)

.vector_43      0x000000009d001358        0x8
 *(.vector_43)
 .vector_43     0x000000009d001358        0x8 c:/program files/microchip/xc32/v4.40/bin/bin/../../lib/gcc/pic32mx/8.3.1/../../../../pic32mx/lib/micromips\libpic32.a(vector43.o)
                0x000000009d001359                __vector_dispatch_43
                0x0000000000000001                ASSERT (((_vector_spacing == 0x0) || (SIZEOF (.vector_43) <= (_vector_spacing << 0x3))), function at exception vector 43 too large)

.vector_44      0x000000009d001360        0x8
 *(.vector_44)
 .vector_44     0x000000009d001360        0x8 c:/program files/microchip/xc32/v4.40/bin/bin/../../lib/gcc/pic32mx/8.3.1/../../../../pic32mx/lib/micromips\libpic32.a(vector44.o)
                0x000000009d001361                __vector_dispatch_44
                0x0000000000000001                ASSERT (((_vector_spacing == 0x0) || (SIZEOF (.vector_44) <= (_vector_spacing << 0x3))), function at exception vector 44 too large)

.vector_45      0x000000009d001368        0x8
 *(.vector_45)
 .vector_45     0x000000009d001368        0x8 c:/program files/microchip/xc32/v4.40/bin/bin/../../lib/gcc/pic32mx/8.3.1/../../../../pic32mx/lib/micromips\libpic32.a(vector45.o)
                0x000000009d001369                __vector_dispatch_45
                0x0000000000000001                ASSERT (((_vector_spacing == 0x0) || (SIZEOF (.vector_45) <= (_vector_spacing << 0x3))), function at exception vector 45 too large)

.vector_46      0x000000009d001370        0x8
 *(.vector_46)
 .vector_46     0x000000009d001370        0x8 c:/program files/microchip/xc32/v4.40/bin/bin/../../lib/gcc/pic32mx/8.3.1/../../../../pic32mx/lib/micromips\libpic32.a(vector46.o)
                0x000000009d001371                __vector_dispatch_46
                0x0000000000000001                ASSERT (((_vector_spacing == 0x0) || (SIZEOF (.vector_46) <= (_vector_spacing << 0x3))), function at exception vector 46 too large)

.vector_47      0x000000009d001378        0x8
 *(.vector_47)
 .vector_47     0x000000009d001378        0x8 c:/program files/microchip/xc32/v4.40/bin/bin/../../lib/gcc/pic32mx/8.3.1/../../../../pic32mx/lib/micromips\libpic32.a(vector47.o)
                0x000000009d001379                __vector_dispatch_47
                0x0000000000000001                ASSERT (((_vector_spacing == 0x0) || (SIZEOF (.vector_47) <= (_vector_spacing << 0x3))), function at exception vector 47 too large)

.vector_48      0x000000009d001380        0x8
 *(.vector_48)
 .vector_48     0x000000009d001380        0x8 c:/program files/microchip/xc32/v4.40/bin/bin/../../lib/gcc/pic32mx/8.3.1/../../../../pic32mx/lib/micromips\libpic32.a(vector48.o)
                0x000000009d001381                __vector_dispatch_48
                0x0000000000000001                ASSERT (((_vector_spacing == 0x0) || (SIZEOF (.vector_48) <= (_vector_spacing << 0x3))), function at exception vector 48 too large)

.vector_49      0x000000009d001388        0x8
 *(.vector_49)
 .vector_49     0x000000009d001388        0x8 c:/program files/microchip/xc32/v4.40/bin/bin/../../lib/gcc/pic32mx/8.3.1/../../../../pic32mx/lib/micromips\libpic32.a(vector49.o)
                0x000000009d001389                __vector_dispatch_49
                0x0000000000000001                ASSERT (((_vector_spacing == 0x0) || (SIZEOF (.vector_49) <= (_vector_spacing << 0x3))), function at exception vector 49 too large)

.vector_50      0x000000009d001390        0x8
 *(.vector_50)
 .vector_50     0x000000009d001390        0x8 c:/program files/microchip/xc32/v4.40/bin/bin/../../lib/gcc/pic32mx/8.3.1/../../../../pic32mx/lib/micromips\libpic32.a(vector50.o)
                0x000000009d001391                __vector_dispatch_50
                0x0000000000000001                ASSERT (((_vector_spacing == 0x0) || (SIZEOF (.vector_50) <= (_vector_spacing << 0x3))), function at exception vector 50 too large)

.vector_51      0x000000009d001398        0x8
 *(.vector_51)
 .vector_51     0x000000009d001398        0x8 c:/program files/microchip/xc32/v4.40/bin/bin/../../lib/gcc/pic32mx/8.3.1/../../../../pic32mx/lib/micromips\libpic32.a(vector51.o)
                0x000000009d001399                __vector_dispatch_51
                0x0000000000000001                ASSERT (((_vector_spacing == 0x0) || (SIZEOF (.vector_51) <= (_vector_spacing << 0x3))), function at exception vector 51 too large)

.vector_52      0x000000009d0013a0        0x8
 *(.vector_52)
 .vector_52     0x000000009d0013a0        0x8 c:/program files/microchip/xc32/v4.40/bin/bin/../../lib/gcc/pic32mx/8.3.1/../../../../pic32mx/lib/micromips\libpic32.a(vector52.o)
                0x000000009d0013a1                __vector_dispatch_52
                0x0000000000000001                ASSERT (((_vector_spacing == 0x0) || (SIZEOF (.vector_52) <= (_vector_spacing << 0x3))), function at exception vector 52 too large)

.vector_53      0x000000009d0013a8        0x8
 *(.vector_53)
 .vector_53     0x000000009d0013a8        0x8 c:/program files/microchip/xc32/v4.40/bin/bin/../../lib/gcc/pic32mx/8.3.1/../../../../pic32mx/lib/micromips\libpic32.a(vector53.o)
                0x000000009d0013a9                __vector_dispatch_53
                0x0000000000000001                ASSERT (((_vector_spacing == 0x0) || (SIZEOF (.vector_53) <= (_vector_spacing << 0x3))), function at exception vector 53 too large)

.vector_54      0x000000009d0013b0        0x8
 *(.vector_54)
 .vector_54     0x000000009d0013b0        0x8 c:/program files/microchip/xc32/v4.40/bin/bin/../../lib/gcc/pic32mx/8.3.1/../../../../pic32mx/lib/micromips\libpic32.a(vector54.o)
                0x000000009d0013b1                __vector_dispatch_54
                0x0000000000000001                ASSERT (((_vector_spacing == 0x0) || (SIZEOF (.vector_54) <= (_vector_spacing << 0x3))), function at exception vector 54 too large)

.vector_55      0x000000009d0013b8        0x8
 *(.vector_55)
 .vector_55     0x000000009d0013b8        0x8 c:/program files/microchip/xc32/v4.40/bin/bin/../../lib/gcc/pic32mx/8.3.1/../../../../pic32mx/lib/micromips\libpic32.a(vector55.o)
                0x000000009d0013b9                __vector_dispatch_55
                0x0000000000000001                ASSERT (((_vector_spacing == 0x0) || (SIZEOF (.vector_55) <= (_vector_spacing << 0x3))), function at exception vector 55 too large)

.vector_56      0x000000009d0013c0        0x8
 *(.vector_56)
 .vector_56     0x000000009d0013c0        0x8 c:/program files/microchip/xc32/v4.40/bin/bin/../../lib/gcc/pic32mx/8.3.1/../../../../pic32mx/lib/micromips\libpic32.a(vector56.o)
                0x000000009d0013c1                __vector_dispatch_56
                0x0000000000000001                ASSERT (((_vector_spacing == 0x0) || (SIZEOF (.vector_56) <= (_vector_spacing << 0x3))), function at exception vector 56 too large)

.vector_57      0x000000009d0013c8        0x8
 *(.vector_57)
 .vector_57     0x000000009d0013c8        0x8 c:/program files/microchip/xc32/v4.40/bin/bin/../../lib/gcc/pic32mx/8.3.1/../../../../pic32mx/lib/micromips\libpic32.a(vector57.o)
                0x000000009d0013c9                __vector_dispatch_57
                0x0000000000000001                ASSERT (((_vector_spacing == 0x0) || (SIZEOF (.vector_57) <= (_vector_spacing << 0x3))), function at exception vector 57 too large)

.vector_58      0x000000009d0013d0        0x8
 *(.vector_58)
 .vector_58     0x000000009d0013d0        0x8 c:/program files/microchip/xc32/v4.40/bin/bin/../../lib/gcc/pic32mx/8.3.1/../../../../pic32mx/lib/micromips\libpic32.a(vector58.o)
                0x000000009d0013d1                __vector_dispatch_58
                0x0000000000000001                ASSERT (((_vector_spacing == 0x0) || (SIZEOF (.vector_58) <= (_vector_spacing << 0x3))), function at exception vector 58 too large)

.vector_59      0x000000009d0013d8        0x8
 *(.vector_59)
 .vector_59     0x000000009d0013d8        0x8 build/default/debug/mcc_generated_files/uart3.o
                0x000000009d0013d9                __vector_dispatch_59
                0x0000000000000001                ASSERT (((_vector_spacing == 0x0) || (SIZEOF (.vector_59) <= (_vector_spacing << 0x3))), function at exception vector 59 too large)

.vector_60      0x000000009d0013e0        0x8
 *(.vector_60)
 .vector_60     0x000000009d0013e0        0x8 build/default/debug/mcc_generated_files/uart3.o
                0x000000009d0013e1                __vector_dispatch_60
                0x0000000000000001                ASSERT (((_vector_spacing == 0x0) || (SIZEOF (.vector_60) <= (_vector_spacing << 0x3))), function at exception vector 60 too large)

.vector_61      0x000000009d0013e8        0x8
 *(.vector_61)
 .vector_61     0x000000009d0013e8        0x8 build/default/debug/mcc_generated_files/uart3.o
                0x000000009d0013e9                __vector_dispatch_61
                0x0000000000000001                ASSERT (((_vector_spacing == 0x0) || (SIZEOF (.vector_61) <= (_vector_spacing << 0x3))), function at exception vector 61 too large)

.vector_62      0x000000009d0013f0        0x8
 *(.vector_62)
 .vector_62     0x000000009d0013f0        0x8 c:/program files/microchip/xc32/v4.40/bin/bin/../../lib/gcc/pic32mx/8.3.1/../../../../pic32mx/lib/micromips\libpic32.a(vector62.o)
                0x000000009d0013f1                __vector_dispatch_62
                0x0000000000000001                ASSERT (((_vector_spacing == 0x0) || (SIZEOF (.vector_62) <= (_vector_spacing << 0x3))), function at exception vector 62 too large)

.vector_63      0x000000009d0013f8        0x8
 *(.vector_63)
 .vector_63     0x000000009d0013f8        0x8 c:/program files/microchip/xc32/v4.40/bin/bin/../../lib/gcc/pic32mx/8.3.1/../../../../pic32mx/lib/micromips\libpic32.a(vector63.o)
                0x000000009d0013f9                __vector_dispatch_63
                0x0000000000000001                ASSERT (((_vector_spacing == 0x0) || (SIZEOF (.vector_63) <= (_vector_spacing << 0x3))), function at exception vector 63 too large)

.vector_64      0x000000009d001400        0x8
 *(.vector_64)
 .vector_64     0x000000009d001400        0x8 c:/program files/microchip/xc32/v4.40/bin/bin/../../lib/gcc/pic32mx/8.3.1/../../../../pic32mx/lib/micromips\libpic32.a(vector64.o)
                0x000000009d001401                __vector_dispatch_64
                0x0000000000000001                ASSERT (((_vector_spacing == 0x0) || (SIZEOF (.vector_64) <= (_vector_spacing << 0x3))), function at exception vector 64 too large)

.vector_65      0x000000009d001408        0x8
 *(.vector_65)
 .vector_65     0x000000009d001408        0x8 build/default/debug/mcc_generated_files/i2c1_driver.o
                0x000000009d001409                __vector_dispatch_65
                0x0000000000000001                ASSERT (((_vector_spacing == 0x0) || (SIZEOF (.vector_65) <= (_vector_spacing << 0x3))), function at exception vector 65 too large)

.vector_66      0x000000009d001410        0x8
 *(.vector_66)
 .vector_66     0x000000009d001410        0x8 build/default/debug/mcc_generated_files/i2c1_driver.o
                0x000000009d001411                __vector_dispatch_66
                0x0000000000000001                ASSERT (((_vector_spacing == 0x0) || (SIZEOF (.vector_66) <= (_vector_spacing << 0x3))), function at exception vector 66 too large)

.vector_67      0x000000009d001418        0x8
 *(.vector_67)
 .vector_67     0x000000009d001418        0x8 build/default/debug/mcc_generated_files/i2c1_driver.o
                0x000000009d001419                __vector_dispatch_67
                0x0000000000000001                ASSERT (((_vector_spacing == 0x0) || (SIZEOF (.vector_67) <= (_vector_spacing << 0x3))), function at exception vector 67 too large)

.vector_68      0x000000009d001420        0x8
 *(.vector_68)
 .vector_68     0x000000009d001420        0x8 c:/program files/microchip/xc32/v4.40/bin/bin/../../lib/gcc/pic32mx/8.3.1/../../../../pic32mx/lib/micromips\libpic32.a(vector68.o)
                0x000000009d001421                __vector_dispatch_68
                0x0000000000000001                ASSERT (((_vector_spacing == 0x0) || (SIZEOF (.vector_68) <= (_vector_spacing << 0x3))), function at exception vector 68 too large)

.vector_69      0x000000009d001428        0x8
 *(.vector_69)
 .vector_69     0x000000009d001428        0x8 c:/program files/microchip/xc32/v4.40/bin/bin/../../lib/gcc/pic32mx/8.3.1/../../../../pic32mx/lib/micromips\libpic32.a(vector69.o)
                0x000000009d001429                __vector_dispatch_69
                0x0000000000000001                ASSERT (((_vector_spacing == 0x0) || (SIZEOF (.vector_69) <= (_vector_spacing << 0x3))), function at exception vector 69 too large)

.vector_70      0x000000009d001430        0x8
 *(.vector_70)
 .vector_70     0x000000009d001430        0x8 c:/program files/microchip/xc32/v4.40/bin/bin/../../lib/gcc/pic32mx/8.3.1/../../../../pic32mx/lib/micromips\libpic32.a(vector70.o)
                0x000000009d001431                __vector_dispatch_70
                0x0000000000000001                ASSERT (((_vector_spacing == 0x0) || (SIZEOF (.vector_70) <= (_vector_spacing << 0x3))), function at exception vector 70 too large)

.vector_71      0x000000009d001438        0x8
 *(.vector_71)
 .vector_71     0x000000009d001438        0x8 c:/program files/microchip/xc32/v4.40/bin/bin/../../lib/gcc/pic32mx/8.3.1/../../../../pic32mx/lib/micromips\libpic32.a(vector71.o)
                0x000000009d001439                __vector_dispatch_71
                0x0000000000000001                ASSERT (((_vector_spacing == 0x0) || (SIZEOF (.vector_71) <= (_vector_spacing << 0x3))), function at exception vector 71 too large)

.vector_72      0x000000009d001440        0x8
 *(.vector_72)
 .vector_72     0x000000009d001440        0x8 c:/program files/microchip/xc32/v4.40/bin/bin/../../lib/gcc/pic32mx/8.3.1/../../../../pic32mx/lib/micromips\libpic32.a(vector72.o)
                0x000000009d001441                __vector_dispatch_72
                0x0000000000000001                ASSERT (((_vector_spacing == 0x0) || (SIZEOF (.vector_72) <= (_vector_spacing << 0x3))), function at exception vector 72 too large)

.vector_73      0x000000009d001448        0x8
 *(.vector_73)
 .vector_73     0x000000009d001448        0x8 c:/program files/microchip/xc32/v4.40/bin/bin/../../lib/gcc/pic32mx/8.3.1/../../../../pic32mx/lib/micromips\libpic32.a(vector73.o)
                0x000000009d001449                __vector_dispatch_73
                0x0000000000000001                ASSERT (((_vector_spacing == 0x0) || (SIZEOF (.vector_73) <= (_vector_spacing << 0x3))), function at exception vector 73 too large)

.vector_74      0x000000009d001450        0x8
 *(.vector_74)
 .vector_74     0x000000009d001450        0x8 c:/program files/microchip/xc32/v4.40/bin/bin/../../lib/gcc/pic32mx/8.3.1/../../../../pic32mx/lib/micromips\libpic32.a(vector74.o)
                0x000000009d001451                __vector_dispatch_74
                0x0000000000000001                ASSERT (((_vector_spacing == 0x0) || (SIZEOF (.vector_74) <= (_vector_spacing << 0x3))), function at exception vector 74 too large)

.vector_75      0x000000009d001458        0x8
 *(.vector_75)
 .vector_75     0x000000009d001458        0x8 c:/program files/microchip/xc32/v4.40/bin/bin/../../lib/gcc/pic32mx/8.3.1/../../../../pic32mx/lib/micromips\libpic32.a(vector75.o)
                0x000000009d001459                __vector_dispatch_75
                0x0000000000000001                ASSERT (((_vector_spacing == 0x0) || (SIZEOF (.vector_75) <= (_vector_spacing << 0x3))), function at exception vector 75 too large)

.vector_76      0x000000009d001460        0x8
 *(.vector_76)
 .vector_76     0x000000009d001460        0x8 c:/program files/microchip/xc32/v4.40/bin/bin/../../lib/gcc/pic32mx/8.3.1/../../../../pic32mx/lib/micromips\libpic32.a(vector76.o)
                0x000000009d001461                __vector_dispatch_76
                0x0000000000000001                ASSERT (((_vector_spacing == 0x0) || (SIZEOF (.vector_76) <= (_vector_spacing << 0x3))), function at exception vector 76 too large)

.vector_77      0x000000009d001468        0x8
 *(.vector_77)
 .vector_77     0x000000009d001468        0x8 c:/program files/microchip/xc32/v4.40/bin/bin/../../lib/gcc/pic32mx/8.3.1/../../../../pic32mx/lib/micromips\libpic32.a(vector77.o)
                0x000000009d001469                __vector_dispatch_77
                0x0000000000000001                ASSERT (((_vector_spacing == 0x0) || (SIZEOF (.vector_77) <= (_vector_spacing << 0x3))), function at exception vector 77 too large)

.vector_78      0x000000009d001470        0x8
 *(.vector_78)
 .vector_78     0x000000009d001470        0x8 c:/program files/microchip/xc32/v4.40/bin/bin/../../lib/gcc/pic32mx/8.3.1/../../../../pic32mx/lib/micromips\libpic32.a(vector78.o)
                0x000000009d001471                __vector_dispatch_78
                0x0000000000000001                ASSERT (((_vector_spacing == 0x0) || (SIZEOF (.vector_78) <= (_vector_spacing << 0x3))), function at exception vector 78 too large)

.vector_79      0x000000009d001478        0x8
 *(.vector_79)
 .vector_79     0x000000009d001478        0x8 c:/program files/microchip/xc32/v4.40/bin/bin/../../lib/gcc/pic32mx/8.3.1/../../../../pic32mx/lib/micromips\libpic32.a(vector79.o)
                0x000000009d001479                __vector_dispatch_79
                0x0000000000000001                ASSERT (((_vector_spacing == 0x0) || (SIZEOF (.vector_79) <= (_vector_spacing << 0x3))), function at exception vector 79 too large)

.vector_80      0x000000009d001480        0x8
 *(.vector_80)
 .vector_80     0x000000009d001480        0x8 c:/program files/microchip/xc32/v4.40/bin/bin/../../lib/gcc/pic32mx/8.3.1/../../../../pic32mx/lib/micromips\libpic32.a(vector80.o)
                0x000000009d001481                __vector_dispatch_80
                0x0000000000000001                ASSERT (((_vector_spacing == 0x0) || (SIZEOF (.vector_80) <= (_vector_spacing << 0x3))), function at exception vector 80 too large)

.vector_81      0x000000009d001488        0x8
 *(.vector_81)
 .vector_81     0x000000009d001488        0x8 c:/program files/microchip/xc32/v4.40/bin/bin/../../lib/gcc/pic32mx/8.3.1/../../../../pic32mx/lib/micromips\libpic32.a(vector81.o)
                0x000000009d001489                __vector_dispatch_81
                0x0000000000000001                ASSERT (((_vector_spacing == 0x0) || (SIZEOF (.vector_81) <= (_vector_spacing << 0x3))), function at exception vector 81 too large)

.vector_82      0x000000009d001490        0x8
 *(.vector_82)
 .vector_82     0x000000009d001490        0x8 c:/program files/microchip/xc32/v4.40/bin/bin/../../lib/gcc/pic32mx/8.3.1/../../../../pic32mx/lib/micromips\libpic32.a(vector82.o)
                0x000000009d001491                __vector_dispatch_82
                0x0000000000000001                ASSERT (((_vector_spacing == 0x0) || (SIZEOF (.vector_82) <= (_vector_spacing << 0x3))), function at exception vector 82 too large)

.vector_83      0x000000009d001498        0x8
 *(.vector_83)
 .vector_83     0x000000009d001498        0x8 c:/program files/microchip/xc32/v4.40/bin/bin/../../lib/gcc/pic32mx/8.3.1/../../../../pic32mx/lib/micromips\libpic32.a(vector83.o)
                0x000000009d001499                __vector_dispatch_83
                0x0000000000000001                ASSERT (((_vector_spacing == 0x0) || (SIZEOF (.vector_83) <= (_vector_spacing << 0x3))), function at exception vector 83 too large)

.vector_84      0x000000009d0014a0        0x8
 *(.vector_84)
 .vector_84     0x000000009d0014a0        0x8 c:/program files/microchip/xc32/v4.40/bin/bin/../../lib/gcc/pic32mx/8.3.1/../../../../pic32mx/lib/micromips\libpic32.a(vector84.o)
                0x000000009d0014a1                __vector_dispatch_84
                0x0000000000000001                ASSERT (((_vector_spacing == 0x0) || (SIZEOF (.vector_84) <= (_vector_spacing << 0x3))), function at exception vector 84 too large)

.vector_85      0x000000009d0014a8        0x8
 *(.vector_85)
 .vector_85     0x000000009d0014a8        0x8 c:/program files/microchip/xc32/v4.40/bin/bin/../../lib/gcc/pic32mx/8.3.1/../../../../pic32mx/lib/micromips\libpic32.a(vector85.o)
                0x000000009d0014a9                __vector_dispatch_85
                0x0000000000000001                ASSERT (((_vector_spacing == 0x0) || (SIZEOF (.vector_85) <= (_vector_spacing << 0x3))), function at exception vector 85 too large)

.vector_86      0x000000009d0014b0        0x8
 *(.vector_86)
 .vector_86     0x000000009d0014b0        0x8 c:/program files/microchip/xc32/v4.40/bin/bin/../../lib/gcc/pic32mx/8.3.1/../../../../pic32mx/lib/micromips\libpic32.a(vector86.o)
                0x000000009d0014b1                __vector_dispatch_86
                0x0000000000000001                ASSERT (((_vector_spacing == 0x0) || (SIZEOF (.vector_86) <= (_vector_spacing << 0x3))), function at exception vector 86 too large)

.vector_87      0x000000009d0014b8        0x8
 *(.vector_87)
 .vector_87     0x000000009d0014b8        0x8 c:/program files/microchip/xc32/v4.40/bin/bin/../../lib/gcc/pic32mx/8.3.1/../../../../pic32mx/lib/micromips\libpic32.a(vector87.o)
                0x000000009d0014b9                __vector_dispatch_87
                0x0000000000000001                ASSERT (((_vector_spacing == 0x0) || (SIZEOF (.vector_87) <= (_vector_spacing << 0x3))), function at exception vector 87 too large)

.vector_88      0x000000009d0014c0        0x8
 *(.vector_88)
 .vector_88     0x000000009d0014c0        0x8 c:/program files/microchip/xc32/v4.40/bin/bin/../../lib/gcc/pic32mx/8.3.1/../../../../pic32mx/lib/micromips\libpic32.a(vector88.o)
                0x000000009d0014c1                __vector_dispatch_88
                0x0000000000000001                ASSERT (((_vector_spacing == 0x0) || (SIZEOF (.vector_88) <= (_vector_spacing << 0x3))), function at exception vector 88 too large)

.vector_89      0x000000009d0014c8        0x8
 *(.vector_89)
 .vector_89     0x000000009d0014c8        0x8 c:/program files/microchip/xc32/v4.40/bin/bin/../../lib/gcc/pic32mx/8.3.1/../../../../pic32mx/lib/micromips\libpic32.a(vector89.o)
                0x000000009d0014c9                __vector_dispatch_89
                0x0000000000000001                ASSERT (((_vector_spacing == 0x0) || (SIZEOF (.vector_89) <= (_vector_spacing << 0x3))), function at exception vector 89 too large)

.vector_90      0x000000009d0014d0        0x8
 *(.vector_90)
 .vector_90     0x000000009d0014d0        0x8 c:/program files/microchip/xc32/v4.40/bin/bin/../../lib/gcc/pic32mx/8.3.1/../../../../pic32mx/lib/micromips\libpic32.a(vector90.o)
                0x000000009d0014d1                __vector_dispatch_90
                0x0000000000000001                ASSERT (((_vector_spacing == 0x0) || (SIZEOF (.vector_90) <= (_vector_spacing << 0x3))), function at exception vector 90 too large)

.vector_91      0x000000009d0014d8        0x8
 *(.vector_91)
 .vector_91     0x000000009d0014d8        0x8 c:/program files/microchip/xc32/v4.40/bin/bin/../../lib/gcc/pic32mx/8.3.1/../../../../pic32mx/lib/micromips\libpic32.a(vector91.o)
                0x000000009d0014d9                __vector_dispatch_91
                0x0000000000000001                ASSERT (((_vector_spacing == 0x0) || (SIZEOF (.vector_91) <= (_vector_spacing << 0x3))), function at exception vector 91 too large)

.vector_92      0x000000009d0014e0        0x8
 *(.vector_92)
 .vector_92     0x000000009d0014e0        0x8 c:/program files/microchip/xc32/v4.40/bin/bin/../../lib/gcc/pic32mx/8.3.1/../../../../pic32mx/lib/micromips\libpic32.a(vector92.o)
                0x000000009d0014e1                __vector_dispatch_92
                0x0000000000000001                ASSERT (((_vector_spacing == 0x0) || (SIZEOF (.vector_92) <= (_vector_spacing << 0x3))), function at exception vector 92 too large)

.vector_93      0x000000009d0014e8        0x8
 *(.vector_93)
 .vector_93     0x000000009d0014e8        0x8 c:/program files/microchip/xc32/v4.40/bin/bin/../../lib/gcc/pic32mx/8.3.1/../../../../pic32mx/lib/micromips\libpic32.a(vector93.o)
                0x000000009d0014e9                __vector_dispatch_93
                0x0000000000000001                ASSERT (((_vector_spacing == 0x0) || (SIZEOF (.vector_93) <= (_vector_spacing << 0x3))), function at exception vector 93 too large)

.vector_94      0x000000009d0014f0        0x8
 *(.vector_94)
 .vector_94     0x000000009d0014f0        0x8 c:/program files/microchip/xc32/v4.40/bin/bin/../../lib/gcc/pic32mx/8.3.1/../../../../pic32mx/lib/micromips\libpic32.a(vector94.o)
                0x000000009d0014f1                __vector_dispatch_94
                0x0000000000000001                ASSERT (((_vector_spacing == 0x0) || (SIZEOF (.vector_94) <= (_vector_spacing << 0x3))), function at exception vector 94 too large)

.vector_95      0x000000009d0014f8        0x8
 *(.vector_95)
 .vector_95     0x000000009d0014f8        0x8 c:/program files/microchip/xc32/v4.40/bin/bin/../../lib/gcc/pic32mx/8.3.1/../../../../pic32mx/lib/micromips\libpic32.a(vector95.o)
                0x000000009d0014f9                __vector_dispatch_95
                0x0000000000000001                ASSERT (((_vector_spacing == 0x0) || (SIZEOF (.vector_95) <= (_vector_spacing << 0x3))), function at exception vector 95 too large)

.vector_96      0x000000009d001500        0x8
 *(.vector_96)
 .vector_96     0x000000009d001500        0x8 c:/program files/microchip/xc32/v4.40/bin/bin/../../lib/gcc/pic32mx/8.3.1/../../../../pic32mx/lib/micromips\libpic32.a(vector96.o)
                0x000000009d001501                __vector_dispatch_96
                0x0000000000000001                ASSERT (((_vector_spacing == 0x0) || (SIZEOF (.vector_96) <= (_vector_spacing << 0x3))), function at exception vector 96 too large)

.vector_97      0x000000009d001508        0x8
 *(.vector_97)
 .vector_97     0x000000009d001508        0x8 c:/program files/microchip/xc32/v4.40/bin/bin/../../lib/gcc/pic32mx/8.3.1/../../../../pic32mx/lib/micromips\libpic32.a(vector97.o)
                0x000000009d001509                __vector_dispatch_97
                0x0000000000000001                ASSERT (((_vector_spacing == 0x0) || (SIZEOF (.vector_97) <= (_vector_spacing << 0x3))), function at exception vector 97 too large)

.vector_98      0x000000009d001510        0x8
 *(.vector_98)
 .vector_98     0x000000009d001510        0x8 c:/program files/microchip/xc32/v4.40/bin/bin/../../lib/gcc/pic32mx/8.3.1/../../../../pic32mx/lib/micromips\libpic32.a(vector98.o)
                0x000000009d001511                __vector_dispatch_98
                0x0000000000000001                ASSERT (((_vector_spacing == 0x0) || (SIZEOF (.vector_98) <= (_vector_spacing << 0x3))), function at exception vector 98 too large)

.vector_99      0x000000009d001518        0x8
 *(.vector_99)
 .vector_99     0x000000009d001518        0x8 c:/program files/microchip/xc32/v4.40/bin/bin/../../lib/gcc/pic32mx/8.3.1/../../../../pic32mx/lib/micromips\libpic32.a(vector99.o)
                0x000000009d001519                __vector_dispatch_99
                0x0000000000000001                ASSERT (((_vector_spacing == 0x0) || (SIZEOF (.vector_99) <= (_vector_spacing << 0x3))), function at exception vector 99 too large)

.vector_100     0x000000009d001520        0x8
 *(.vector_100)
 .vector_100    0x000000009d001520        0x8 c:/program files/microchip/xc32/v4.40/bin/bin/../../lib/gcc/pic32mx/8.3.1/../../../../pic32mx/lib/micromips\libpic32.a(vector100.o)
                0x000000009d001521                __vector_dispatch_100
                0x0000000000000001                ASSERT (((_vector_spacing == 0x0) || (SIZEOF (.vector_100) <= (_vector_spacing << 0x3))), function at exception vector 100 too large)

.vector_101     0x000000009d001528        0x8
 *(.vector_101)
 .vector_101    0x000000009d001528        0x8 c:/program files/microchip/xc32/v4.40/bin/bin/../../lib/gcc/pic32mx/8.3.1/../../../../pic32mx/lib/micromips\libpic32.a(vector101.o)
                0x000000009d001529                __vector_dispatch_101
                0x0000000000000001                ASSERT (((_vector_spacing == 0x0) || (SIZEOF (.vector_101) <= (_vector_spacing << 0x3))), function at exception vector 101 too large)

.startup
 *(.startup)

.text           0x000000009d001530        0x0
 *(.stub .gnu.linkonce.t.*)
 *(.text.*personality*)
 *(.mips16.fn.*)
 *(.mips16.call.*)
 *(.gnu.warning)
                0x000000009d001530                . = ALIGN (0x4)

.init           0x000000009d001530        0x0
 *crti.o(.init)
 *crtbegin.o(.init)
 *(EXCLUDE_FILE(*crtn.o *crtend?.o *crtend.o) .init)
 *crtend.o(.init)
 *crtn.o(.init)
                0x000000009d001530                . = ALIGN (0x4)

.fini           0x000000009d001530        0x0
 *(.fini)
                0x000000009d001530                . = ALIGN (0x4)

.preinit_array  0x000000009d001530        0x0
                [!provide]                        PROVIDE (__preinit_array_start = .)
 *(.preinit_array)
                [!provide]                        PROVIDE (__preinit_array_end = .)
                0x000000009d001530                . = ALIGN (0x4)

.init_array     0x000000009d001530        0x0
                [!provide]                        PROVIDE (__init_array_start = .)
 *(SORT_BY_NAME(.init_array.*))
 *(.init_array)
                [!provide]                        PROVIDE (__init_array_end = .)
                0x000000009d001530                . = ALIGN (0x4)

.fini_array     0x000000009d001530        0x0
                [!provide]                        PROVIDE (__fini_array_start = .)
 *(SORT_BY_NAME(.fini_array.*))
 *(.fini_array)
                [!provide]                        PROVIDE (__fini_array_end = .)
                0x000000009d001530                . = ALIGN (0x4)

.ctors          0x000000009d001530        0x0
 *crtbegin.o(.ctors)
 *crtbegin?.o(.ctors)
 *(EXCLUDE_FILE(*crtend?.o *crtend.o) .ctors)
 *(SORT_BY_NAME(.ctors.*))
 *(.ctors)
                0x000000009d001530                . = ALIGN (0x4)

.dtors          0x000000009d001530        0x0
 *crtbegin.o(.dtors)
 *crtbegin?.o(.dtors)
 *(EXCLUDE_FILE(*crtend?.o *crtend.o) .dtors)
 *(SORT_BY_NAME(.dtors.*))
 *(.dtors)
                0x000000009d001530                . = ALIGN (0x4)

.rodata         0x000000009d001530        0x0
 *(.gnu.linkonce.r.*)
 *(.rodata1)
                0x000000009d001530                . = ALIGN (0x4)

.sdata2         0x000000009d001530        0x0
 *(.sdata2 .sdata2.* .gnu.linkonce.s2.*)
                0x000000009d001530                . = ALIGN (0x4)

.sbss2          0x000000009d001530        0x0
 *(.sbss2 .sbss2.* .gnu.linkonce.sb2.*)
                0x000000009d001530                . = ALIGN (0x4)

.eh_frame_hdr
 *(.eh_frame_hdr)
                0x000000009d001530                . = ALIGN (0x4)

.eh_frame
 *(.eh_frame)
                0x000000009d001530                . = ALIGN (0x4)

.gcc_except_table
 *(.gcc_except_table .gcc_except_table.*)
                0x000000009d001530                . = ALIGN (0x4)

.dbg_data       0x0000000080000000        0x0
                0x0000000080000000                . = (. + DEFINED (_DEBUGGER)?0x200:0x0)

.jcr            0x0000000080000000        0x0
 *(.jcr)
                0x0000000080000000                . = ALIGN (0x4)

.eh_frame
 *(.eh_frame)
                0x0000000080000000                . = ALIGN (0x4)

.gcc_except_table
 *(.gcc_except_table .gcc_except_table.*)
                0x0000000080000000                . = ALIGN (0x4)

.persist        0x0000000080000000        0x0
                0x0000000080000000                _persist_begin = .
 *(.persist .persist.*)
 *(.pbss .pbss.*)
                0x0000000080000000                . = ALIGN (0x4)
                0x0000000080000000                _persist_end = .

.data           0x0000000080000000        0x0
 *(.gnu.linkonce.d.*)
 *(.data1)
                0x0000000080000000                . = ALIGN (0x4)
                0x0000000080000000                . = .
                0x0000000080007ff0                _gp = (ALIGN (0x10) + 0x7ff0)

.got            0x0000000080000000        0x0
 *(.got.plt)
 *(.got)
                0x0000000080000000                . = ALIGN (0x4)

.sdata          0x0000000080000000       0x10
                0x0000000080000000                _sdata_begin = .
 *(.sdata .sdata.* .gnu.linkonce.s.*)
 .sdata.compare.9555
                0x0000000080000000        0x4 build/default/debug/mcc_generated_files/coretimer.o
 .sdata.__sem_debug
                0x0000000080000004        0x1 build/default/debug/_ext/1124510853/Debug.o
                0x0000000080000004                __sem_debug
 *fill*         0x0000000080000005        0x3 
 .sdata.softWdtCountMax
                0x0000000080000008        0x4 build/default/debug/_ext/657024065/softWdt.o
                0x0000000080000008                softWdtCountMax
 .sdata.WdtLed  0x000000008000000c        0x4 build/default/debug/_ext/657024065/softWdt.o
                0x0000000080000010                . = ALIGN (0x4)
                0x0000000080000010                _sdata_end = .

.lit8
 *(.lit8)

.lit4
 *(.lit4)
                0x0000000080000010                . = ALIGN (0x4)
                0x0000000080000010                _data_end = .
                0x0000000080000010                _bss_begin = .

.sbss           0x0000000080000010       0xec
                0x0000000080000010                _sbss_begin = .
 *(.dynsbss)
 *(.sbss .sbss.* .gnu.linkonce.sb.*)
 .sbss.CtrlTrfData
                0x0000000080000010        0x8 build/default/debug/mcc_generated_files/usb/usb_device.o
                0x0000000080000010                CtrlTrfData
 .sbss.SetupPkt
                0x0000000080000018        0x8 build/default/debug/mcc_generated_files/usb/usb_device.o
                0x0000000080000018                SetupPkt
 .sbss.USBTicksSinceSuspendEnd
                0x0000000080000020        0x1 build/default/debug/mcc_generated_files/usb/usb_device.o
                0x0000000080000020                USBTicksSinceSuspendEnd
 *fill*         0x0000000080000021        0x3 
 .sbss.USB1msTickCount
                0x0000000080000024        0x4 build/default/debug/mcc_generated_files/usb/usb_device.o
                0x0000000080000024                USB1msTickCount
 .sbss.USBDeferOUTDataStagePackets
                0x0000000080000028        0x1 build/default/debug/mcc_generated_files/usb/usb_device.o
                0x0000000080000028                USBDeferOUTDataStagePackets
 .sbss.USBDeferINDataStagePackets
                0x0000000080000029        0x1 build/default/debug/mcc_generated_files/usb/usb_device.o
                0x0000000080000029                USBDeferINDataStagePackets
 .sbss.USBStatusStageEnabledFlag2
                0x000000008000002a        0x1 build/default/debug/mcc_generated_files/usb/usb_device.o
                0x000000008000002a                USBStatusStageEnabledFlag2
 .sbss.USBStatusStageEnabledFlag1
                0x000000008000002b        0x1 build/default/debug/mcc_generated_files/usb/usb_device.o
                0x000000008000002b                USBStatusStageEnabledFlag1
 .sbss.USBDeferStatusStagePacket
                0x000000008000002c        0x1 build/default/debug/mcc_generated_files/usb/usb_device.o
                0x000000008000002c                USBDeferStatusStagePacket
 .sbss.USBStatusStageTimeoutCounter
                0x000000008000002d        0x1 build/default/debug/mcc_generated_files/usb/usb_device.o
                0x000000008000002d                USBStatusStageTimeoutCounter
 *fill*         0x000000008000002e        0x2 
 .sbss.ep_data_out
                0x0000000080000030        0x3 build/default/debug/mcc_generated_files/usb/usb_device.o
                0x0000000080000030                ep_data_out
 *fill*         0x0000000080000033        0x1 
 .sbss.ep_data_in
                0x0000000080000034        0x3 build/default/debug/mcc_generated_files/usb/usb_device.o
                0x0000000080000034                ep_data_in
 .sbss.BothEP0OutUOWNsSet
                0x0000000080000037        0x1 build/default/debug/mcc_generated_files/usb/usb_device.o
                0x0000000080000037                BothEP0OutUOWNsSet
 .sbss.endpoint_number
                0x0000000080000038        0x1 build/default/debug/mcc_generated_files/usb/usb_device.o
                0x0000000080000038                endpoint_number
 *fill*         0x0000000080000039        0x3 
 .sbss.USTATcopy
                0x000000008000003c        0x1 build/default/debug/mcc_generated_files/usb/usb_device.o
                0x000000008000003c                USTATcopy
 .sbss.USBBusIsSuspended
                0x000000008000003d        0x1 build/default/debug/mcc_generated_files/usb/usb_device.o
                0x000000008000003d                USBBusIsSuspended
 .sbss.RemoteWakeup
                0x000000008000003e        0x1 build/default/debug/mcc_generated_files/usb/usb_device.o
                0x000000008000003e                RemoteWakeup
 *fill*         0x000000008000003f        0x1 
 .sbss.pDst     0x0000000080000040        0x4 build/default/debug/mcc_generated_files/usb/usb_device.o
                0x0000000080000040                pDst
 .sbss.controlTransferState
                0x0000000080000044        0x1 build/default/debug/mcc_generated_files/usb/usb_device.o
                0x0000000080000044                controlTransferState
 .sbss.shortPacketStatus
                0x0000000080000045        0x1 build/default/debug/mcc_generated_files/usb/usb_device.o
                0x0000000080000045                shortPacketStatus
 *fill*         0x0000000080000046        0x2 
 .sbss.pBDTEntryEP0OutNext
                0x0000000080000048        0x4 build/default/debug/mcc_generated_files/usb/usb_device.o
                0x0000000080000048                pBDTEntryEP0OutNext
 .sbss.pBDTEntryEP0OutCurrent
                0x000000008000004c        0x4 build/default/debug/mcc_generated_files/usb/usb_device.o
                0x000000008000004c                pBDTEntryEP0OutCurrent
 .sbss.USBAlternateInterface
                0x0000000080000050        0x2 build/default/debug/mcc_generated_files/usb/usb_device.o
                0x0000000080000050                USBAlternateInterface
 .sbss.USBActiveConfiguration
                0x0000000080000052        0x1 build/default/debug/mcc_generated_files/usb/usb_device.o
                0x0000000080000052                USBActiveConfiguration
 *fill*         0x0000000080000053        0x1 
 .sbss.USBDeviceState
                0x0000000080000054        0x4 build/default/debug/mcc_generated_files/usb/usb_device.o
                0x0000000080000054                USBDeviceState
 .sbss.USB_CDC_LineCodingHandler
                0x0000000080000058        0x4 build/default/debug/mcc_generated_files/usb/usb_device_cdc.o
 .sbss.CTSPin_Handler
                0x000000008000005c        0x4 build/default/debug/mcc_generated_files/usb/usb_device_cdc.o
 .sbss.DTRPin_Handler
                0x0000000080000060        0x4 build/default/debug/mcc_generated_files/usb/usb_device_cdc.o
 .sbss.dummy_encapsulated_cmd_response
                0x0000000080000064        0x8 build/default/debug/mcc_generated_files/usb/usb_device_cdc.o
                0x0000000080000064                dummy_encapsulated_cmd_response
 .sbss.control_signal_bitmap
                0x000000008000006c        0x4 build/default/debug/mcc_generated_files/usb/usb_device_cdc.o
                0x000000008000006c                control_signal_bitmap
 .sbss.CDCDataInHandle
                0x0000000080000070        0x4 build/default/debug/mcc_generated_files/usb/usb_device_cdc.o
                0x0000000080000070                CDCDataInHandle
 .sbss.CDCDataOutHandle
                0x0000000080000074        0x4 build/default/debug/mcc_generated_files/usb/usb_device_cdc.o
                0x0000000080000074                CDCDataOutHandle
 .sbss.cdc_mem_type
                0x0000000080000078        0x1 build/default/debug/mcc_generated_files/usb/usb_device_cdc.o
                0x0000000080000078                cdc_mem_type
 *fill*         0x0000000080000079        0x3 
 .sbss.cdc_tx_len
                0x000000008000007c        0x1 build/default/debug/mcc_generated_files/usb/usb_device_cdc.o
                0x000000008000007c                cdc_tx_len
 *fill*         0x000000008000007d        0x3 
 .sbss.pCDCDst  0x0000000080000080        0x4 build/default/debug/mcc_generated_files/usb/usb_device_cdc.o
                0x0000000080000080                pCDCDst
 .sbss.pCDCSrc  0x0000000080000084        0x4 build/default/debug/mcc_generated_files/usb/usb_device_cdc.o
                0x0000000080000084                pCDCSrc
 .sbss.cdc_trf_state
                0x0000000080000088        0x1 build/default/debug/mcc_generated_files/usb/usb_device_cdc.o
                0x0000000080000088                cdc_trf_state
 *fill*         0x0000000080000089        0x3 
 .sbss.cdc_rx_len
                0x000000008000008c        0x1 build/default/debug/mcc_generated_files/usb/usb_device_cdc.o
                0x000000008000008c                cdc_rx_len
 *fill*         0x000000008000008d        0x3 
 .sbss.line_coding
                0x0000000080000090        0x8 build/default/debug/mcc_generated_files/usb/usb_device_cdc.o
                0x0000000080000090                line_coding
 .sbss.UART3_RxDefaultInterruptHandler
                0x0000000080000098        0x4 build/default/debug/mcc_generated_files/uart3.o
                0x0000000080000098                UART3_RxDefaultInterruptHandler
 .sbss.UART3_TxDefaultInterruptHandler
                0x000000008000009c        0x4 build/default/debug/mcc_generated_files/uart3.o
                0x000000008000009c                UART3_TxDefaultInterruptHandler
 .sbss.rxOverflowed
                0x00000000800000a0        0x1 build/default/debug/mcc_generated_files/uart3.o
 *fill*         0x00000000800000a1        0x3 
 .sbss.txHead   0x00000000800000a4        0x4 build/default/debug/mcc_generated_files/uart3.o
 .sbss.txTail   0x00000000800000a8        0x4 build/default/debug/mcc_generated_files/uart3.o
 .sbss.rxHead   0x00000000800000ac        0x4 build/default/debug/mcc_generated_files/uart3.o
 .sbss.rxTail   0x00000000800000b0        0x4 build/default/debug/mcc_generated_files/uart3.o
 .sbss.CORETIMER_DefaultInterruptHandler
                0x00000000800000b4        0x4 build/default/debug/mcc_generated_files/coretimer.o
                0x00000000800000b4                CORETIMER_DefaultInterruptHandler
 .sbss._excep_code
                0x00000000800000b8        0x4 build/default/debug/mcc_generated_files/exceptions.o
 .sbss.UNO_INT0_InterruptHandler
                0x00000000800000bc        0x4 build/default/debug/mcc_generated_files/pin_manager.o
                0x00000000800000bc                UNO_INT0_InterruptHandler
 .sbss.ACC_INT2_InterruptHandler
                0x00000000800000c0        0x4 build/default/debug/mcc_generated_files/pin_manager.o
                0x00000000800000c0                ACC_INT2_InterruptHandler
 .sbss.UNO_INT1_InterruptHandler
                0x00000000800000c4        0x4 build/default/debug/mcc_generated_files/pin_manager.o
                0x00000000800000c4                UNO_INT1_InterruptHandler
 .sbss.TEMP_INT_InterruptHandler
                0x00000000800000c8        0x4 build/default/debug/mcc_generated_files/pin_manager.o
                0x00000000800000c8                TEMP_INT_InterruptHandler
 .sbss.ACC_INT1_InterruptHandler
                0x00000000800000cc        0x4 build/default/debug/mcc_generated_files/pin_manager.o
                0x00000000800000cc                ACC_INT1_InterruptHandler
 .sbss.LIGHT_INT_InterruptHandler
                0x00000000800000d0        0x4 build/default/debug/mcc_generated_files/pin_manager.o
                0x00000000800000d0                LIGHT_INT_InterruptHandler
 .sbss.i2c1_driver_Slavei2cISR
                0x00000000800000d4        0x4 build/default/debug/mcc_generated_files/i2c1_driver.o
                0x00000000800000d4                i2c1_driver_Slavei2cISR
 .sbss.i2c1_driver_Masteri2cISR
                0x00000000800000d8        0x4 build/default/debug/mcc_generated_files/i2c1_driver.o
                0x00000000800000d8                i2c1_driver_Masteri2cISR
 .sbss.i2c1_driver_busCollisionISR
                0x00000000800000dc        0x4 build/default/debug/mcc_generated_files/i2c1_driver.o
                0x00000000800000dc                i2c1_driver_busCollisionISR
 .sbss._idx     0x00000000800000e0        0x1 build/default/debug/_ext/1124510853/Debug.o
 .sbss._i       0x00000000800000e1        0x1 build/default/debug/_ext/1124510853/Debug.o
 *fill*         0x00000000800000e2        0x2 
 .sbss.softWdtCount
                0x00000000800000e4        0x4 build/default/debug/_ext/657024065/softWdt.o
                0x00000000800000e4                softWdtCount
 .sbss.CbFnc    0x00000000800000e8        0x4 build/default/debug/_ext/657024065/softWdt.o
 .sbss.TaskCount
                0x00000000800000ec        0x1 build/default/debug/_ext/657024065/TaskManager.o
                0x00000000800000ec                TaskCount
 *fill*         0x00000000800000ed        0x3 
 .sbss.pCurrTask
                0x00000000800000f0        0x4 build/default/debug/_ext/657024065/TaskManager.o
                0x00000000800000f0                pCurrTask
 .sbss.CbFnc    0x00000000800000f4        0x4 build/default/debug/_ext/657024065/TickTimer.o
 .sbss.CdcPortIdx
                0x00000000800000f8        0x1 build/default/debug/User/VCP_Debug.o
 *(.scommon)
                0x00000000800000f9                _sbss_end = .
                0x00000000800000fc                . = ALIGN (0x4)
 *fill*         0x00000000800000f9        0x3 

.bss            0x00000000800000fc        0x0
 *(.dynbss)
 *(COMMON)
                0x00000000800000fc                . = ALIGN ((. != 0x0)?0x4:0x1)
                0x00000000800000fc                . = ALIGN (0x4)
                0x00000000800000fc                _end = .
                0x00000000800000fc                _bss_end = .
                0x0000000000008000                _bmxdudba_address = LENGTH (kseg0_data_mem)
                0x0000000000008000                _bmxdupba_address = LENGTH (kseg0_data_mem)

/DISCARD/
 *(.pdr)
 *(.rel.dyn)
 *(.note.GNU-stack)
 *(.note.GNU-stack)
 *(.gnu_debuglink)
 *(.gnu.lto_*)
 *(.discard)
 *(._debug_exception)
 *(.config_*)

.gptab.sdata
 *(.gptab.data)
 *(.gptab.sdata)

.gptab.sbss
 *(.gptab.bss)
 *(.gptab.sbss)

.mdebug.abi32   0x0000000000000000        0x0
 *(.mdebug.abi32)
 .mdebug.abi32  0x0000000000000000        0x0 build/default/debug/Cfg/Debug_Cfg.o
 .mdebug.abi32  0x0000000000000000        0x0 build/default/debug/mcc_generated_files/drivers/i2c_types.o
 .mdebug.abi32  0x0000000000000000        0x0 build/default/debug/mcc_generated_files/drivers/i2c_master.o
 .mdebug.abi32  0x0000000000000000        0x0 build/default/debug/mcc_generated_files/drivers/i2c_simple_master.o
 .mdebug.abi32  0x0000000000000000        0x0 build/default/debug/mcc_generated_files/usb/usb_device_generic.o
 .mdebug.abi32  0x0000000000000000        0x0 build/default/debug/mcc_generated_files/usb/usb_device_events.o
 .mdebug.abi32  0x0000000000000000        0x0 build/default/debug/mcc_generated_files/usb/usb_device.o
 .mdebug.abi32  0x0000000000000000        0x0 build/default/debug/mcc_generated_files/usb/usb_descriptors.o
 .mdebug.abi32  0x0000000000000000        0x0 build/default/debug/mcc_generated_files/usb/usb_device_cdc.o
 .mdebug.abi32  0x0000000000000000        0x0 build/default/debug/mcc_generated_files/uart3.o
 .mdebug.abi32  0x0000000000000000        0x0 build/default/debug/mcc_generated_files/system.o
 .mdebug.abi32  0x0000000000000000        0x0 build/default/debug/mcc_generated_files/coretimer.o
 .mdebug.abi32  0x0000000000000000        0x0 build/default/debug/mcc_generated_files/clock.o
 .mdebug.abi32  0x0000000000000000        0x0 build/default/debug/mcc_generated_files/exceptions.o
 .mdebug.abi32  0x0000000000000000        0x0 build/default/debug/mcc_generated_files/interrupt_manager.o
 .mdebug.abi32  0x0000000000000000        0x0 build/default/debug/mcc_generated_files/mcc.o
 .mdebug.abi32  0x0000000000000000        0x0 build/default/debug/mcc_generated_files/pin_manager.o
 .mdebug.abi32  0x0000000000000000        0x0 build/default/debug/mcc_generated_files/i2c1_driver.o
 .mdebug.abi32  0x0000000000000000        0x0 build/default/debug/_ext/1209153551/Buttons.o
 .mdebug.abi32  0x0000000000000000        0x0 build/default/debug/_ext/1362353914/TelitAtCmd.o
 .mdebug.abi32  0x0000000000000000        0x0 build/default/debug/_ext/1362353914/TelitPwrCtrl.o
 .mdebug.abi32  0x0000000000000000        0x0 build/default/debug/_ext/1124510853/Debug.o
 .mdebug.abi32  0x0000000000000000        0x0 build/default/debug/_ext/1124510853/Utils.o
 .mdebug.abi32  0x0000000000000000        0x0 build/default/debug/_ext/657024065/PIC32MM_Gpio.o
 .mdebug.abi32  0x0000000000000000        0x0 build/default/debug/_ext/657024065/softWdt.o
 .mdebug.abi32  0x0000000000000000        0x0 build/default/debug/_ext/657024065/TaskManager.o
 .mdebug.abi32  0x0000000000000000        0x0 build/default/debug/_ext/657024065/TickTimer.o
 .mdebug.abi32  0x0000000000000000        0x0 build/default/debug/User/AppMain.o
 .mdebug.abi32  0x0000000000000000        0x0 build/default/debug/User/VCP.o
 .mdebug.abi32  0x0000000000000000        0x0 build/default/debug/User/VCP_Debug.o
 .mdebug.abi32  0x0000000000000000        0x0 build/default/debug/main.o
 .mdebug.abi32  0x0000000000000000        0x0 c:/program files/microchip/xc32/v4.40/bin/bin/../../lib/gcc/pic32mx/8.3.1/../../../../pic32mx/lib/micromips\libpic32.a(default-bootstrap-exception-handler.o)
 .mdebug.abi32  0x0000000000000000        0x0 c:/program files/microchip/xc32/v4.40/bin/bin/../../lib/gcc/pic32mx/8.3.1/../../../../pic32mx/lib/micromips\libpic32.a(default-on-reset.o)
 .mdebug.abi32  0x0000000000000000        0x0 c:/program files/microchip/xc32/v4.40/bin/bin/../../lib/gcc/pic32mx/8.3.1/../../../../pic32mx/lib/micromips\libpic32.a(default-on-bootstrap.o)
 .mdebug.abi32  0x0000000000000000        0x0 c:/program files/microchip/xc32/v4.40/bin/bin/../../lib/gcc/pic32mx/8.3.1/../../../../pic32mx/lib/micromips\libpic32.a(defaultinterrupt.o)
 .mdebug.abi32  0x0000000000000000        0x0 c:/program files/microchip/xc32/v4.40/bin/bin/../../lib/gcc/pic32mx/8.3.1/../../../../pic32mx/lib/micromips\libc-musl.a(rand.o)
 .mdebug.abi32  0x0000000000000000        0x0 c:/program files/microchip/xc32/v4.40/bin/bin/../../lib/gcc/pic32mx/8.3.1/../../../../pic32mx/lib/micromips\libc-musl.a(__sio_printf_dn.o)
 .mdebug.abi32  0x0000000000000000        0x0 c:/program files/microchip/xc32/v4.40/bin/bin/../../lib/gcc/pic32mx/8.3.1/../../../../pic32mx/lib/micromips\libc-musl.a(__fmt_d.o)
 .mdebug.abi32  0x0000000000000000        0x0 c:/program files/microchip/xc32/v4.40/bin/bin/../../lib/gcc/pic32mx/8.3.1/../../../../pic32mx/lib/micromips\libc-musl.a(__pop_int.o)
 .mdebug.abi32  0x0000000000000000        0x0 c:/program files/microchip/xc32/v4.40/bin/bin/../../lib/gcc/pic32mx/8.3.1/../../../../pic32mx/lib/micromips\libc-musl.a(__pop_ptr.o)
 .mdebug.abi32  0x0000000000000000        0x0 c:/program files/microchip/xc32/v4.40/bin/bin/../../lib/gcc/pic32mx/8.3.1/../../../../pic32mx/lib/micromips\libc-musl.a(__printf_core.o)
 .mdebug.abi32  0x0000000000000000        0x0 c:/program files/microchip/xc32/v4.40/bin/bin/../../lib/gcc/pic32mx/8.3.1/../../../../pic32mx/lib/micromips\libc-musl.a(stdout.o)
 .mdebug.abi32  0x0000000000000000        0x0 c:/program files/microchip/xc32/v4.40/bin/bin/../../lib/gcc/pic32mx/8.3.1/../../../../pic32mx/lib/micromips\libc-musl.a(puts.o)
 .mdebug.abi32  0x0000000000000000        0x0 c:/program files/microchip/xc32/v4.40/bin/bin/../../lib/gcc/pic32mx/8.3.1/../../../../pic32mx/lib/micromips\libc-musl.a(atoi.o)
 .mdebug.abi32  0x0000000000000000        0x0 c:/program files/microchip/xc32/v4.40/bin/bin/../../lib/gcc/pic32mx/8.3.1/../../../../pic32mx/lib/micromips\libc-musl.a(memcpy.o)
 .mdebug.abi32  0x0000000000000000        0x0 c:/program files/microchip/xc32/v4.40/bin/bin/../../lib/gcc/pic32mx/8.3.1/../../../../pic32mx/lib/micromips\libc-musl.a(strlen.o)
 .mdebug.abi32  0x0000000000000000        0x0 c:/program files/microchip/xc32/v4.40/bin/bin/../../lib/gcc/pic32mx/8.3.1/../../../../pic32mx/lib/micromips\libc-musl.a(tolower.o)
 .mdebug.abi32  0x0000000000000000        0x0 c:/program files/microchip/xc32/v4.40/bin/bin/../../lib/gcc/pic32mx/8.3.1/../../../../pic32mx/lib/micromips\libc-musl.a(__int_vfprintf.o)
 .mdebug.abi32  0x0000000000000000        0x0 c:/program files/microchip/xc32/v4.40/bin/bin/../../lib/gcc/pic32mx/8.3.1/../../../../pic32mx/lib/micromips\libc-musl.a(fputs.o)
 .mdebug.abi32  0x0000000000000000        0x0 c:/program files/microchip/xc32/v4.40/bin/bin/../../lib/gcc/pic32mx/8.3.1/../../../../pic32mx/lib/micromips\libc-musl.a(__cvt_u.o)
 .mdebug.abi32  0x0000000000000000        0x0 c:/program files/microchip/xc32/v4.40/bin/bin/../../lib/gcc/pic32mx/8.3.1/../../../../pic32mx/lib/micromips\libc-musl.a(__io_init_needed.o)
 .mdebug.abi32  0x0000000000000000        0x0 c:/program files/microchip/xc32/v4.40/bin/bin/../../lib/gcc/pic32mx/8.3.1/../../../../pic32mx/lib/micromips\libc-musl.a(__out.o)
 .mdebug.abi32  0x0000000000000000        0x0 c:/program files/microchip/xc32/v4.40/bin/bin/../../lib/gcc/pic32mx/8.3.1/../../../../pic32mx/lib/micromips\libc-musl.a(__pop_float.o)
 .mdebug.abi32  0x0000000000000000        0x0 c:/program files/microchip/xc32/v4.40/bin/bin/../../lib/gcc/pic32mx/8.3.1/../../../../pic32mx/lib/micromips\libc-musl.a(__stdio_close.o)
 .mdebug.abi32  0x0000000000000000        0x0 c:/program files/microchip/xc32/v4.40/bin/bin/../../lib/gcc/pic32mx/8.3.1/../../../../pic32mx/lib/micromips\libc-musl.a(fwrite.o)
 .mdebug.abi32  0x0000000000000000        0x0 c:/program files/microchip/xc32/v4.40/bin/bin/../../lib/gcc/pic32mx/8.3.1/../../../../pic32mx/lib/micromips\libc-musl.a(putc.o)
 .mdebug.abi32  0x0000000000000000        0x0 c:/program files/microchip/xc32/v4.40/bin/bin/../../lib/gcc/pic32mx/8.3.1/../../../../pic32mx/lib/micromips\libc-musl.a(__init_stdio.o)
 .mdebug.abi32  0x0000000000000000        0x0 c:/program files/microchip/xc32/v4.40/bin/bin/../../lib/gcc/pic32mx/8.3.1/../../../../pic32mx/lib/micromips\libc-musl.a(__io_file_needed.o)
 .mdebug.abi32  0x0000000000000000        0x0 c:/program files/microchip/xc32/v4.40/bin/bin/../../lib/gcc/pic32mx/8.3.1/micromips\libgcc.a(_udivdi3.o)
 .mdebug.abi32  0x0000000000000000        0x0 c:/program files/microchip/xc32/v4.40/bin/bin/../../lib/gcc/pic32mx/8.3.1/micromips\libgcc.a(_umoddi3.o)
 .mdebug.abi32  0x0000000000000000        0x0 c:/program files/microchip/xc32/v4.40/bin/bin/../../lib/gcc/pic32mx/8.3.1/../../../../pic32mx/lib/micromips\libpic32.a(write.o)
 .mdebug.abi32  0x0000000000000000        0x0 c:/program files/microchip/xc32/v4.40/bin/bin/../../lib/gcc/pic32mx/8.3.1/../../../../pic32mx/lib/micromips\libpic32.a(lseek.o)
 .mdebug.abi32  0x0000000000000000        0x0 c:/program files/microchip/xc32/v4.40/bin/bin/../../lib/gcc/pic32mx/8.3.1/../../../../pic32mx/lib/micromips\libpic32.a(close.o)
 .mdebug.abi32  0x0000000000000000        0x0 c:/program files/microchip/xc32/v4.40/bin/bin/../../lib/gcc/pic32mx/8.3.1/../../../../pic32mx/lib/micromips\libpic32.a(errno.o)

.mdebug.abiN32
 *(.mdebug.abiN32)

.mdebug.abi64
 *(.mdebug.abi64)

.mdebug.abiO64
 *(.mdebug.abiO64)

.mdebug.eabi32
 *(.mdebug.eabi32)

.mdebug.eabi64
 *(.mdebug.eabi64)

.gcc_compiled_long32
 *(.gcc_compiled_long32)

.gcc_compiled_long64
 *(.gcc_compiled_long64)

.stab
 *(.stab)

.stabstr
 *(.stabstr)

.stab.excl
 *(.stab.excl)

.stab.exclstr
 *(.stab.exclstr)

.stab.index
 *(.stab.index)

.stab.indexstr
 *(.stab.indexstr)

.comment        0x0000000000000000       0x43
 *(.comment)
 .comment       0x0000000000000000       0x2b build/default/debug/Cfg/Debug_Cfg.o
                                         0x2c (size before relaxing)
 .comment       0x000000000000002b       0x2c build/default/debug/mcc_generated_files/drivers/i2c_types.o
 .comment       0x000000000000002b       0x2c build/default/debug/mcc_generated_files/drivers/i2c_master.o
 .comment       0x000000000000002b       0x2c build/default/debug/mcc_generated_files/drivers/i2c_simple_master.o
 .comment       0x000000000000002b       0x2c build/default/debug/mcc_generated_files/usb/usb_device_generic.o
 .comment       0x000000000000002b       0x2c build/default/debug/mcc_generated_files/usb/usb_device_events.o
 .comment       0x000000000000002b       0x2c build/default/debug/mcc_generated_files/usb/usb_device.o
 .comment       0x000000000000002b       0x2c build/default/debug/mcc_generated_files/usb/usb_descriptors.o
 .comment       0x000000000000002b       0x2c build/default/debug/mcc_generated_files/usb/usb_device_cdc.o
 .comment       0x000000000000002b       0x2c build/default/debug/mcc_generated_files/uart3.o
 .comment       0x000000000000002b       0x2c build/default/debug/mcc_generated_files/system.o
 .comment       0x000000000000002b       0x2c build/default/debug/mcc_generated_files/coretimer.o
 .comment       0x000000000000002b       0x2c build/default/debug/mcc_generated_files/clock.o
 .comment       0x000000000000002b       0x2c build/default/debug/mcc_generated_files/exceptions.o
 .comment       0x000000000000002b       0x2c build/default/debug/mcc_generated_files/interrupt_manager.o
 .comment       0x000000000000002b       0x2c build/default/debug/mcc_generated_files/mcc.o
 .comment       0x000000000000002b       0x2c build/default/debug/mcc_generated_files/pin_manager.o
 .comment       0x000000000000002b       0x2c build/default/debug/mcc_generated_files/i2c1_driver.o
 .comment       0x000000000000002b       0x2c build/default/debug/_ext/1209153551/Buttons.o
 .comment       0x000000000000002b       0x2c build/default/debug/_ext/1362353914/TelitAtCmd.o
 .comment       0x000000000000002b       0x2c build/default/debug/_ext/1362353914/TelitPwrCtrl.o
 .comment       0x000000000000002b       0x2c build/default/debug/_ext/1124510853/Debug.o
 .comment       0x000000000000002b       0x2c build/default/debug/_ext/1124510853/Utils.o
 .comment       0x000000000000002b       0x2c build/default/debug/_ext/657024065/PIC32MM_Gpio.o
 .comment       0x000000000000002b       0x2c build/default/debug/_ext/657024065/softWdt.o
 .comment       0x000000000000002b       0x2c build/default/debug/_ext/657024065/TaskManager.o
 .comment       0x000000000000002b       0x2c build/default/debug/_ext/657024065/TickTimer.o
 .comment       0x000000000000002b       0x2c build/default/debug/User/AppMain.o
 .comment       0x000000000000002b       0x2c build/default/debug/User/VCP.o
 .comment       0x000000000000002b       0x2c build/default/debug/User/VCP_Debug.o
 .comment       0x000000000000002b       0x2c build/default/debug/main.o
 .comment       0x000000000000002b       0x18 c:/program files/microchip/xc32/v4.40/bin/bin/../../lib/gcc/pic32mx/8.3.1/../../../../pic32mx/lib/micromips\libpic32.a(memset.o)
                                         0x19 (size before relaxing)
 .comment       0x0000000000000043       0x2c c:/program files/microchip/xc32/v4.40/bin/bin/../../lib/gcc/pic32mx/8.3.1/../../../../pic32mx/lib/micromips\libpic32.a(default-bootstrap-exception-handler.o)
 .comment       0x0000000000000043       0x2c c:/program files/microchip/xc32/v4.40/bin/bin/../../lib/gcc/pic32mx/8.3.1/../../../../pic32mx/lib/micromips\libpic32.a(default-on-reset.o)
 .comment       0x0000000000000043       0x2c c:/program files/microchip/xc32/v4.40/bin/bin/../../lib/gcc/pic32mx/8.3.1/../../../../pic32mx/lib/micromips\libpic32.a(default-on-bootstrap.o)
 .comment       0x0000000000000043       0x2c c:/program files/microchip/xc32/v4.40/bin/bin/../../lib/gcc/pic32mx/8.3.1/../../../../pic32mx/lib/micromips\libpic32.a(defaultinterrupt.o)
 .comment       0x0000000000000043       0x2c c:/program files/microchip/xc32/v4.40/bin/bin/../../lib/gcc/pic32mx/8.3.1/../../../../pic32mx/lib/micromips\libc-musl.a(rand.o)
 .comment       0x0000000000000043       0x2c c:/program files/microchip/xc32/v4.40/bin/bin/../../lib/gcc/pic32mx/8.3.1/../../../../pic32mx/lib/micromips\libc-musl.a(__sio_printf_dn.o)
 .comment       0x0000000000000043       0x2c c:/program files/microchip/xc32/v4.40/bin/bin/../../lib/gcc/pic32mx/8.3.1/../../../../pic32mx/lib/micromips\libc-musl.a(__fmt_d.o)
 .comment       0x0000000000000043       0x2c c:/program files/microchip/xc32/v4.40/bin/bin/../../lib/gcc/pic32mx/8.3.1/../../../../pic32mx/lib/micromips\libc-musl.a(__pop_int.o)
 .comment       0x0000000000000043       0x2c c:/program files/microchip/xc32/v4.40/bin/bin/../../lib/gcc/pic32mx/8.3.1/../../../../pic32mx/lib/micromips\libc-musl.a(__pop_ptr.o)
 .comment       0x0000000000000043       0x2c c:/program files/microchip/xc32/v4.40/bin/bin/../../lib/gcc/pic32mx/8.3.1/../../../../pic32mx/lib/micromips\libc-musl.a(__printf_core.o)
 .comment       0x0000000000000043       0x2c c:/program files/microchip/xc32/v4.40/bin/bin/../../lib/gcc/pic32mx/8.3.1/../../../../pic32mx/lib/micromips\libc-musl.a(stdout.o)
 .comment       0x0000000000000043       0x2c c:/program files/microchip/xc32/v4.40/bin/bin/../../lib/gcc/pic32mx/8.3.1/../../../../pic32mx/lib/micromips\libc-musl.a(puts.o)
 .comment       0x0000000000000043       0x2c c:/program files/microchip/xc32/v4.40/bin/bin/../../lib/gcc/pic32mx/8.3.1/../../../../pic32mx/lib/micromips\libc-musl.a(atoi.o)
 .comment       0x0000000000000043       0x2c c:/program files/microchip/xc32/v4.40/bin/bin/../../lib/gcc/pic32mx/8.3.1/../../../../pic32mx/lib/micromips\libc-musl.a(memcpy.o)
 .comment       0x0000000000000043       0x2c c:/program files/microchip/xc32/v4.40/bin/bin/../../lib/gcc/pic32mx/8.3.1/../../../../pic32mx/lib/micromips\libc-musl.a(strlen.o)
 .comment       0x0000000000000043       0x2c c:/program files/microchip/xc32/v4.40/bin/bin/../../lib/gcc/pic32mx/8.3.1/../../../../pic32mx/lib/micromips\libc-musl.a(tolower.o)
 .comment       0x0000000000000043       0x2c c:/program files/microchip/xc32/v4.40/bin/bin/../../lib/gcc/pic32mx/8.3.1/../../../../pic32mx/lib/micromips\libc-musl.a(__int_vfprintf.o)
 .comment       0x0000000000000043       0x2c c:/program files/microchip/xc32/v4.40/bin/bin/../../lib/gcc/pic32mx/8.3.1/../../../../pic32mx/lib/micromips\libc-musl.a(fputs.o)
 .comment       0x0000000000000043       0x2c c:/program files/microchip/xc32/v4.40/bin/bin/../../lib/gcc/pic32mx/8.3.1/../../../../pic32mx/lib/micromips\libc-musl.a(__cvt_u.o)
 .comment       0x0000000000000043       0x2c c:/program files/microchip/xc32/v4.40/bin/bin/../../lib/gcc/pic32mx/8.3.1/../../../../pic32mx/lib/micromips\libc-musl.a(__io_init_needed.o)
 .comment       0x0000000000000043       0x2c c:/program files/microchip/xc32/v4.40/bin/bin/../../lib/gcc/pic32mx/8.3.1/../../../../pic32mx/lib/micromips\libc-musl.a(__out.o)
 .comment       0x0000000000000043       0x2c c:/program files/microchip/xc32/v4.40/bin/bin/../../lib/gcc/pic32mx/8.3.1/../../../../pic32mx/lib/micromips\libc-musl.a(__pop_float.o)
 .comment       0x0000000000000043       0x2c c:/program files/microchip/xc32/v4.40/bin/bin/../../lib/gcc/pic32mx/8.3.1/../../../../pic32mx/lib/micromips\libc-musl.a(__stdio_close.o)
 .comment       0x0000000000000043       0x2c c:/program files/microchip/xc32/v4.40/bin/bin/../../lib/gcc/pic32mx/8.3.1/../../../../pic32mx/lib/micromips\libc-musl.a(fwrite.o)
 .comment       0x0000000000000043       0x2c c:/program files/microchip/xc32/v4.40/bin/bin/../../lib/gcc/pic32mx/8.3.1/../../../../pic32mx/lib/micromips\libc-musl.a(putc.o)
 .comment       0x0000000000000043       0x2c c:/program files/microchip/xc32/v4.40/bin/bin/../../lib/gcc/pic32mx/8.3.1/../../../../pic32mx/lib/micromips\libc-musl.a(__init_stdio.o)
 .comment       0x0000000000000043       0x2c c:/program files/microchip/xc32/v4.40/bin/bin/../../lib/gcc/pic32mx/8.3.1/../../../../pic32mx/lib/micromips\libc-musl.a(__io_file_needed.o)
 .comment       0x0000000000000043       0x2c c:/program files/microchip/xc32/v4.40/bin/bin/../../lib/gcc/pic32mx/8.3.1/micromips\libgcc.a(_udivdi3.o)
 .comment       0x0000000000000043       0x2c c:/program files/microchip/xc32/v4.40/bin/bin/../../lib/gcc/pic32mx/8.3.1/micromips\libgcc.a(_umoddi3.o)
 .comment       0x0000000000000043       0x2c c:/program files/microchip/xc32/v4.40/bin/bin/../../lib/gcc/pic32mx/8.3.1/../../../../pic32mx/lib/micromips\libpic32.a(write.o)
 .comment       0x0000000000000043       0x2c c:/program files/microchip/xc32/v4.40/bin/bin/../../lib/gcc/pic32mx/8.3.1/../../../../pic32mx/lib/micromips\libpic32.a(lseek.o)
 .comment       0x0000000000000043       0x2c c:/program files/microchip/xc32/v4.40/bin/bin/../../lib/gcc/pic32mx/8.3.1/../../../../pic32mx/lib/micromips\libpic32.a(close.o)
 .comment       0x0000000000000043       0x2c c:/program files/microchip/xc32/v4.40/bin/bin/../../lib/gcc/pic32mx/8.3.1/../../../../pic32mx/lib/micromips\libpic32.a(errno.o)

.debug
 *.elf(.debug)
 *(.debug)

.line
 *.elf(.line)
 *(.line)

.debug_srcinfo
 *.elf(.debug_srcinfo)
 *(.debug_srcinfo)

.debug_sfnames
 *.elf(.debug_sfnames)
 *(.debug_sfnames)

.debug_aranges  0x0000000000000000     0x1130
 *.elf(.debug_aranges)
 *(.debug_aranges)
 .debug_aranges
                0x0000000000000000       0x20 build/default/debug/Cfg/Debug_Cfg.o
 .debug_aranges
                0x0000000000000020       0x38 build/default/debug/mcc_generated_files/drivers/i2c_types.o
 .debug_aranges
                0x0000000000000058      0x128 build/default/debug/mcc_generated_files/drivers/i2c_master.o
 .debug_aranges
                0x0000000000000180       0x78 build/default/debug/mcc_generated_files/drivers/i2c_simple_master.o
 .debug_aranges
                0x00000000000001f8       0x18 build/default/debug/mcc_generated_files/usb/usb_device_generic.o
 .debug_aranges
                0x0000000000000210       0x28 build/default/debug/mcc_generated_files/usb/usb_device_events.o
 .debug_aranges
                0x0000000000000238       0x80 build/default/debug/mcc_generated_files/usb/usb_device.o
 .debug_aranges
                0x00000000000002b8       0x20 build/default/debug/mcc_generated_files/usb/usb_descriptors.o
 .debug_aranges
                0x00000000000002d8       0x78 build/default/debug/mcc_generated_files/usb/usb_device_cdc.o
 .debug_aranges
                0x0000000000000350       0xe8 build/default/debug/mcc_generated_files/uart3.o
 .debug_aranges
                0x0000000000000438       0x20 build/default/debug/mcc_generated_files/system.o
 .debug_aranges
                0x0000000000000458       0x48 build/default/debug/mcc_generated_files/coretimer.o
 .debug_aranges
                0x00000000000004a0       0x20 build/default/debug/mcc_generated_files/clock.o
 .debug_aranges
                0x00000000000004c0       0x20 build/default/debug/mcc_generated_files/exceptions.o
 .debug_aranges
                0x00000000000004e0       0x20 build/default/debug/mcc_generated_files/interrupt_manager.o
 .debug_aranges
                0x0000000000000500       0xc8 build/default/debug/mcc_generated_files/pin_manager.o
 .debug_aranges
                0x00000000000005c8      0x140 build/default/debug/mcc_generated_files/i2c1_driver.o
 .debug_aranges
                0x0000000000000708       0x20 build/default/debug/_ext/1209153551/Buttons.o
 .debug_aranges
                0x0000000000000728       0x58 build/default/debug/_ext/1362353914/TelitAtCmd.o
 .debug_aranges
                0x0000000000000780       0x40 build/default/debug/_ext/1362353914/TelitPwrCtrl.o
 .debug_aranges
                0x00000000000007c0       0xa8 build/default/debug/_ext/1124510853/Debug.o
 .debug_aranges
                0x0000000000000868      0x250 build/default/debug/_ext/1124510853/Utils.o
 .debug_aranges
                0x0000000000000ab8       0x30 build/default/debug/_ext/657024065/PIC32MM_Gpio.o
 .debug_aranges
                0x0000000000000ae8       0x50 build/default/debug/_ext/657024065/softWdt.o
 .debug_aranges
                0x0000000000000b38       0x40 build/default/debug/_ext/657024065/TaskManager.o
 .debug_aranges
                0x0000000000000b78       0x30 build/default/debug/_ext/657024065/TickTimer.o
 .debug_aranges
                0x0000000000000ba8       0x38 build/default/debug/User/AppMain.o
 .debug_aranges
                0x0000000000000be0       0x20 build/default/debug/User/VCP.o
 .debug_aranges
                0x0000000000000c00       0x40 build/default/debug/User/VCP_Debug.o
 .debug_aranges
                0x0000000000000c40       0x20 build/default/debug/main.o
 .debug_aranges
                0x0000000000000c60       0x40 C:\Users\ADMIN\AppData\Local\Temp\ccKAvHHJ.o
 .debug_aranges
                0x0000000000000ca0       0x20 c:/program files/microchip/xc32/v4.40/bin/bin/../../lib/gcc/pic32mx/8.3.1/../../../../pic32mx/lib/micromips\libpic32.a(default-bootstrap-exception-handler.o)
 .debug_aranges
                0x0000000000000cc0       0x20 c:/program files/microchip/xc32/v4.40/bin/bin/../../lib/gcc/pic32mx/8.3.1/../../../../pic32mx/lib/micromips\libpic32.a(default-on-reset.o)
 .debug_aranges
                0x0000000000000ce0       0x20 c:/program files/microchip/xc32/v4.40/bin/bin/../../lib/gcc/pic32mx/8.3.1/../../../../pic32mx/lib/micromips\libpic32.a(default-on-bootstrap.o)
 .debug_aranges